Component: ARM Compiler 5.05 update 1 (build 106) Tool: armlink [4d0efa]

==============================================================================

Section Cross References

    main.o(.text) refers to delay.o(.text) for delay_init
    main.o(.text) refers to misc.o(.text) for NVIC_PriorityGroupConfig
    main.o(.text) refers to usart.o(.text) for uart_init
    main.o(.text) refers to led.o(.text) for LED_Init
    main.o(.text) refers to rc522.o(.text) for RC522_Init
    main.o(.text) refers to timer.o(.text) for TIM1_PWM_Init
    system_stm32f10x.o(.text) refers to system_stm32f10x.o(.data) for SystemCoreClock
    rc522.o(.text) refers to _printf_percent.o(.ARM.Collect$$_printf_percent$$00000000) for _printf_percent
    rc522.o(.text) refers to _printf_s.o(.ARM.Collect$$_printf_percent$$00000014) for _printf_s
    rc522.o(.text) refers to _printf_str.o(.text) for _printf_str
    rc522.o(.text) refers to _printf_d.o(.ARM.Collect$$_printf_percent$$00000009) for _printf_d
    rc522.o(.text) refers to _printf_dec.o(.text) for _printf_int_dec
    rc522.o(.text) refers to _printf_pad.o(.text) for _printf_pre_padding
    rc522.o(.text) refers to _printf_x.o(.ARM.Collect$$_printf_percent$$0000000C) for _printf_x
    rc522.o(.text) refers to _printf_hex_int.o(.text) for _printf_longlong_hex
    rc522.o(.text) refers to _printf_c.o(.ARM.Collect$$_printf_percent$$00000013) for _printf_c
    rc522.o(.text) refers to stm32f10x_gpio.o(.text) for GPIO_SetBits
    rc522.o(.text) refers to delay.o(.text) for delay_us
    rc522.o(.text) refers to rt_memcpy_v6.o(.text) for __aeabi_memcpy
    rc522.o(.text) refers to noretval__2printf.o(.text) for __2printf
    rc522.o(.text) refers to stm32f10x_tim.o(.text) for TIM_SetCompare1
    rc522.o(.text) refers to rc522.o(.data) for CT
    rc522.o(.text) refers to rc522.o(.bss) for DATA
    rc522.o(.text) refers to usart.o(.data) for USART_RX_STA
    rc522.o(.text) refers to usart.o(.bss) for USART_RX_BUF
    rc522.o(.text) refers to rt_memcpy_w.o(.text) for __aeabi_memcpy4
    rc522.o(.text) refers to rc522.o(.constdata) for .constdata
    rc522.o(.text) refers to stm32f10x_rcc.o(.text) for RCC_APB2PeriphClockCmd
    rc522.o(.text) refers to stm32f10x_spi.o(.text) for SPI_Init
    led.o(.text) refers to stm32f10x_rcc.o(.text) for RCC_APB2PeriphClockCmd
    led.o(.text) refers to stm32f10x_gpio.o(.text) for GPIO_Init
    timer.o(.text) refers to stm32f10x_rcc.o(.text) for RCC_APB2PeriphClockCmd
    timer.o(.text) refers to stm32f10x_gpio.o(.text) for GPIO_Init
    timer.o(.text) refers to stm32f10x_tim.o(.text) for TIM_TimeBaseInit
    timer.o(.text) refers to misc.o(.text) for NVIC_Init
    delay.o(.text) refers to misc.o(.text) for SysTick_CLKSourceConfig
    delay.o(.text) refers to system_stm32f10x.o(.data) for SystemCoreClock
    delay.o(.text) refers to delay.o(.data) for fac_us
    usart.o(.text) refers (Special) to use_no_semi_2.o(.text) for __use_no_semihosting
    usart.o(.text) refers to stm32f10x_rcc.o(.text) for RCC_APB2PeriphClockCmd
    usart.o(.text) refers to stm32f10x_gpio.o(.text) for GPIO_Init
    usart.o(.text) refers to misc.o(.text) for NVIC_Init
    usart.o(.text) refers to stm32f10x_usart.o(.text) for USART_Init
    usart.o(.text) refers to usart.o(.data) for USART_RX_STA
    usart.o(.text) refers to usart.o(.bss) for USART_RX_BUF
    usart.o(.bss) refers (Special) to use_no_semi_2.o(.text) for __use_no_semihosting
    usart.o(.data) refers (Special) to use_no_semi_2.o(.text) for __use_no_semihosting
    startup_stm32f10x_hd.o(STACK) refers (Special) to heapauxi.o(.text) for __use_two_region_memory
    startup_stm32f10x_hd.o(HEAP) refers (Special) to heapauxi.o(.text) for __use_two_region_memory
    startup_stm32f10x_hd.o(RESET) refers (Special) to heapauxi.o(.text) for __use_two_region_memory
    startup_stm32f10x_hd.o(RESET) refers to startup_stm32f10x_hd.o(STACK) for __initial_sp
    startup_stm32f10x_hd.o(RESET) refers to startup_stm32f10x_hd.o(.text) for Reset_Handler
    startup_stm32f10x_hd.o(RESET) refers to stm32f10x_it.o(.text) for NMI_Handler
    startup_stm32f10x_hd.o(RESET) refers to timer.o(.text) for TIM2_IRQHandler
    startup_stm32f10x_hd.o(RESET) refers to usart.o(.text) for USART1_IRQHandler
    startup_stm32f10x_hd.o(.text) refers (Special) to heapauxi.o(.text) for __use_two_region_memory
    startup_stm32f10x_hd.o(.text) refers to system_stm32f10x.o(.text) for SystemInit
    startup_stm32f10x_hd.o(.text) refers to __main.o(!!!main) for __main
    startup_stm32f10x_hd.o(.text) refers to startup_stm32f10x_hd.o(HEAP) for Heap_Mem
    startup_stm32f10x_hd.o(.text) refers to startup_stm32f10x_hd.o(STACK) for Stack_Mem
    stm32f10x_gpio.o(.text) refers to stm32f10x_rcc.o(.text) for RCC_APB2PeriphResetCmd
    stm32f10x_rcc.o(.text) refers to stm32f10x_rcc.o(.data) for APBAHBPrescTable
    stm32f10x_tim.o(.text) refers to stm32f10x_rcc.o(.text) for RCC_APB2PeriphResetCmd
[...]
    libinit.o(.ARM.Collect$$libinit$$00000000) refers (Special) to libinit2.o(.ARM.Collect$$libinit$$0000001D) for __rt_lib_init_signal_1
    libinit.o(.ARM.Collect$$libinit$$00000000) refers (Special) to libinit2.o(.ARM.Collect$$libinit$$00000025) for __rt_lib_init_stdio_1
    libinit.o(.ARM.Collect$$libinit$$00000000) refers (Special) to libinit2.o(.ARM.Collect$$libinit$$0000000C) for __rt_lib_init_user_alloc_1
    libspace.o(.text) refers to libspace.o(.bss) for __libspace_start
    rtexit.o(.ARM.Collect$$rtexit$$00000000) refers (Special) to rtexit2.o(.ARM.Collect$$rtexit$$00000004) for __rt_exit_exit
    rtexit.o(.ARM.Collect$$rtexit$$00000000) refers (Special) to rtexit2.o(.ARM.Collect$$rtexit$$00000003) for __rt_exit_ls
    rtexit.o(.ARM.Collect$$rtexit$$00000000) refers (Special) to rtexit2.o(.ARM.Collect$$rtexit$$00000002) for __rt_exit_prels_1
    rtexit.o(.ARM.exidx) refers (Special) to rtexit2.o(.ARM.Collect$$rtexit$$00000004) for __rt_exit_exit
    rtexit.o(.ARM.exidx) refers (Special) to rtexit2.o(.ARM.Collect$$rtexit$$00000003) for __rt_exit_ls
    rtexit.o(.ARM.exidx) refers (Special) to rtexit2.o(.ARM.Collect$$rtexit$$00000002) for __rt_exit_prels_1
    rtexit.o(.ARM.exidx) refers to rtexit.o(.ARM.Collect$$rtexit$$00000000) for .ARM.Collect$$rtexit$$00000000
    libinit2.o(.ARM.Collect$$libinit$$00000010) refers to libinit2.o(.ARM.Collect$$libinit$$0000000F) for .ARM.Collect$$libinit$$0000000F
    libinit2.o(.ARM.Collect$$libinit$$00000012) refers to libinit2.o(.ARM.Collect$$libinit$$0000000F) for .ARM.Collect$$libinit$$0000000F
    libinit2.o(.ARM.Collect$$libinit$$00000014) refers to libinit2.o(.ARM.Collect$$libinit$$0000000F) for .ARM.Collect$$libinit$$0000000F
    libinit2.o(.ARM.Collect$$libinit$$00000016) refers to libinit2.o(.ARM.Collect$$libinit$$0000000F) for .ARM.Collect$$libinit$$0000000F
    libinit2.o(.ARM.Collect$$libinit$$00000018) refers to libinit2.o(.ARM.Collect$$libinit$$0000000F) for .ARM.Collect$$libinit$$0000000F
    libinit2.o(.ARM.Collect$$libinit$$00000026) refers to argv_veneer.o(.emb_text) for __ARM_argv_veneer
    libinit2.o(.ARM.Collect$$libinit$$00000027) refers to argv_veneer.o(.emb_text) for __ARM_argv_veneer
    rtexit2.o(.ARM.Collect$$rtexit$$00000003) refers to libshutdown.o(.ARM.Collect$$libshutdown$$00000000) for __rt_lib_shutdown
    rtexit2.o(.ARM.Collect$$rtexit$$00000004) refers to usart.o(.text) for _sys_exit
    rtexit2.o(.ARM.exidx) refers to rtexit2.o(.ARM.Collect$$rtexit$$00000001) for .ARM.Collect$$rtexit$$00000001
    rtexit2.o(.ARM.exidx) refers to rtexit2.o(.ARM.Collect$$rtexit$$00000003) for .ARM.Collect$$rtexit$$00000003
    rtexit2.o(.ARM.exidx) refers to rtexit2.o(.ARM.Collect$$rtexit$$00000004) for .ARM.Collect$$rtexit$$00000004
    argv_veneer.o(.emb_text) refers to no_argv.o(.text) for __ARM_get_argv
    _get_argv_nomalloc.o(.text) refers (Special) to hrguard.o(.text) for __heap_region$guard
    _get_argv_nomalloc.o(.text) refers to defsig_rtmem_outer.o(.text) for __rt_SIGRTMEM
    _get_argv_nomalloc.o(.text) refers to sys_command.o(.text) for _sys_command_string
    libshutdown.o(.ARM.Collect$$libshutdown$$00000000) refers (Special) to libshutdown2.o(.ARM.Collect$$libshutdown$$00000006) for __rt_lib_shutdown_fp_trap_1
    libshutdown.o(.ARM.Collect$$libshutdown$$00000000) refers (Special) to libshutdown2.o(.ARM.Collect$$libshutdown$$0000000E) for __rt_lib_shutdown_heap_1
    libshutdown.o(.ARM.Collect$$libshutdown$$00000000) refers (Special) to libshutdown2.o(.ARM.Collect$$libshutdown$$0000000F) for __rt_lib_shutdown_return
    libshutdown.o(.ARM.Collect$$libshutdown$$00000000) refers (Special) to libshutdown2.o(.ARM.Collect$$libshutdown$$00000009) for __rt_lib_shutdown_signal_1
    libshutdown.o(.ARM.Collect$$libshutdown$$00000000) refers (Special) to libshutdown2.o(.ARM.Collect$$libshutdown$$00000003) for __rt_lib_shutdown_stdio_1
    libshutdown.o(.ARM.Collect$$libshutdown$$00000000) refers (Special) to libshutdown2.o(.ARM.Collect$$libshutdown$$0000000B) for __rt_lib_shutdown_user_alloc_1
    sys_command.o(.text) refers (Special) to use_no_semi.o(.text) for __I$use$semihosting
    sys_command.o(.text) refers (Special) to indicate_semi.o(.text) for __semihosting_library_function
    defsig_rtmem_outer.o(.text) refers to defsig_rtmem_inner.o(.text) for __rt_SIGRTMEM_inner
    defsig_rtmem_outer.o(.text) refers to defsig_exit.o(.text) for __sig_exit
    defsig_rtmem_formal.o(.text) refers to rt_raise.o(.text) for __rt_raise
    rt_raise.o(.text) refers to __raise.o(.text) for __raise
    rt_raise.o(.text) refers to usart.o(.text) for _sys_exit
    defsig_exit.o(.text) refers to usart.o(.text) for _sys_exit
    defsig_rtmem_inner.o(.text) refers to defsig_general.o(.text) for __default_signal_display
    __raise.o(.text) refers to defsig.o(CL$$defsig) for __default_signal_handler
    defsig_general.o(.text) refers to sys_wrch.o(.text) for _ttywrch
    sys_wrch.o(.text) refers (Special) to use_no_semi.o(.text) for __I$use$semihosting
    sys_wrch.o(.text) refers (Special) to indicate_semi.o(.text) for __semihosting_library_function
    defsig.o(CL$$defsig) refers to defsig_rtmem_inner.o(.text) for __rt_SIGRTMEM_inner
    defsig_abrt_inner.o(.text) refers to defsig_general.o(.text) for __default_signal_display
    defsig_fpe_inner.o(.text) refers to defsig_general.o(.text) for __default_signal_display
    defsig_rtred_inner.o(.text) refers to defsig_general.o(.text) for __default_signal_display
    defsig_stak_inner.o(.text) refers to defsig_general.o(.text) for __default_signal_display
    defsig_pvfn_inner.o(.text) refers to defsig_general.o(.text) for __default_signal_display
    defsig_cppl_inner.o(.text) refers to defsig_general.o(.text) for __default_signal_display
    defsig_segv_inner.o(.text) refers to defsig_general.o(.text) for __default_signal_display
    defsig_other.o(.text) refers to defsig_general.o(.text) for __default_signal_display


==============================================================================

Removing Unused input sections from the image.

    Removing sys.o(.emb_text), (6 bytes).
    Removing sys.o(.text), (12 bytes).
    Removing core_cm3.o(.emb_text), (32 bytes).
    Removing stm32f10x_fsmc.o(.text), (1548 bytes).

4 unused section(s) (total 1598 bytes) removed from the image.

==============================================================================

Image Symbol Table

    Local Symbols

    Symbol Name                              Value     Ov Type        Size  Object(Section)

    ../clib/angel/boardlib.s                 0x00000000   Number         0  boardinit2.o ABSOLUTE
    ../clib/angel/boardlib.s                 0x00000000   Number         0  boardshut.o ABSOLUTE
    ../clib/angel/boardlib.s                 0x00000000   Number         0  boardinit1.o ABSOLUTE
    ../clib/angel/boardlib.s                 0x00000000   Number         0  boardinit3.o ABSOLUTE
    ../clib/angel/handlers.s                 0x00000000   Number         0  __scatter_copy.o ABSOLUTE
    ../clib/angel/handlers.s                 0x00000000   Number         0  __scatter_zi.o ABSOLUTE
    ../clib/angel/kernel.s                   0x00000000   Number         0  rtexit.o ABSOLUTE
    ../clib/angel/kernel.s                   0x00000000   Number         0  __rtentry2.o ABSOLUTE
    ../clib/angel/kernel.s                   0x00000000   Number         0  __rtentry.o ABSOLUTE
    ../clib/angel/kernel.s                   0x00000000   Number         0  __rtentry4.o ABSOLUTE
    ../clib/angel/kernel.s                   0x00000000   Number         0  rtexit2.o ABSOLUTE
    ../clib/angel/rt.s                       0x00000000   Number         0  rt_raise.o ABSOLUTE
    ../clib/angel/scatter.s                  0x00000000   Number         0  __scatter.o ABSOLUTE
    ../clib/angel/startup.s                  0x00000000   Number         0  __main.o ABSOLUTE
    ../clib/angel/sys.s                      0x00000000   Number         0  use_no_semi.o ABSOLUTE
    ../clib/angel/sys.s                      0x00000000   Number         0  indicate_semi.o ABSOLUTE
    ../clib/angel/sys.s                      0x00000000   Number         0  sys_stackheap_outer.o ABSOLUTE
    ../clib/angel/sys.s                      0x00000000   Number         0  libspace.o ABSOLUTE
    ../clib/angel/sys.s                      0x00000000   Number         0  use_no_semi_2.o ABSOLUTE
    ../clib/angel/sysapp.c                   0x00000000   Number         0  sys_command.o ABSOLUTE
    ../clib/angel/sysapp.c                   0x00000000   Number         0  sys_wrch.o ABSOLUTE
    ../clib/armsys.c                         0x00000000   Number         0  no_argv.o ABSOLUTE
    ../clib/armsys.c                         0x00000000   Number         0  argv_veneer.o ABSOLUTE
    ../clib/armsys.c                         0x00000000   Number         0  argv_veneer.o ABSOLUTE
    ../clib/armsys.c                         0x00000000   Number         0  _get_argv_nomalloc.o ABSOLUTE
    ../clib/heapalloc.c                      0x00000000   Number         0  hrguard.o ABSOLUTE
    ../clib/heapaux.c                        0x00000000   Number         0  heapauxi.o ABSOLUTE
    ../clib/libinit.s                        0x00000000   Number         0  libshutdown.o ABSOLUTE
    ../clib/libinit.s                        0x00000000   Number         0  libinit.o ABSOLUTE
    ../clib/libinit.s                        0x00000000   Number         0  libinit2.o ABSOLUTE
    ../clib/libinit.s                        0x00000000   Number         0  libshutdown2.o ABSOLUTE
    ../clib/memcpset.s                       0x00000000   Number         0  rt_memcpy_v6.o ABSOLUTE
    ../clib/memcpset.s                       0x00000000   Number         0  rt_memcpy_w.o ABSOLUTE
    ../clib/misc.s                           0x00000000   Number         0  printf_stubs.o ABSOLUTE
    ../clib/printf.c                         0x00000000   Number         0  __printf_wp.o ABSOLUTE
    ../clib/printf.c                         0x00000000   Number         0  __printf_flags_ss.o ABSOLUTE
    ../clib/printf.c                         0x00000000   Number         0  __printf_ss.o ABSOLUTE
    ../clib/printf.c                         0x00000000   Number         0  _printf_char.o ABSOLUTE
    ../clib/printf.c                         0x00000000   Number         0  _printf_hex_int_ll_ptr.o ABSOLUTE
    ../clib/printf.c                         0x00000000   Number         0  _printf_hex_ll_ptr.o ABSOLUTE
    ../clib/printf.c                         0x00000000   Number         0  _printf_hex_int_ptr.o ABSOLUTE
    ../clib/printf.c                         0x00000000   Number         0  _printf_hex_ptr.o ABSOLUTE
    ../clib/printf.c                         0x00000000   Number         0  _printf_hex_int_ll.o ABSOLUTE
    ../clib/printf.c                         0x00000000   Number         0  _printf_intcommon.o ABSOLUTE
    ../clib/printf.c                         0x00000000   Number         0  __printf_ss_wp.o ABSOLUTE
    ../clib/printf.c                         0x00000000   Number         0  _printf_hex_int.o ABSOLUTE
    ../clib/printf.c                         0x00000000   Number         0  __printf_flags.o ABSOLUTE
    ../clib/printf.c                         0x00000000   Number         0  __printf_flags_ss_wp.o ABSOLUTE
    ../clib/printf.c                         0x00000000   Number         0  _printf_hex_ll.o ABSOLUTE
    ../clib/printf.c                         0x00000000   Number         0  _printf_char_common.o ABSOLUTE
    ../clib/printf.c                         0x00000000   Number         0  _printf_dec.o ABSOLUTE
    ../clib/printf.c                         0x00000000   Number         0  __printf_flags_wp.o ABSOLUTE
    ../clib/printf.c                         0x00000000   Number         0  _printf_str.o ABSOLUTE
    ../clib/printf.c                         0x00000000   Number         0  _printf_pad.o ABSOLUTE
    ../clib/printf.c                         0x00000000   Number         0  __printf.o ABSOLUTE
    ../clib/printf.c                         0x00000000   Number         0  noretval__2printf.o ABSOLUTE
    ../clib/printf.c                         0x00000000   Number         0  __2printf.o ABSOLUTE
    ../clib/printf.c                         0x00000000   Number         0  __printf_nopercent.o ABSOLUTE
    ../clib/printf.c                         0x00000000   Number         0  _printf_char_file.o ABSOLUTE
    ../clib/printf_percent.s                 0x00000000   Number         0  _printf_percent_end.o ABSOLUTE
    ../clib/printf_percent.s                 0x00000000   Number         0  _printf_c.o ABSOLUTE
    ../clib/printf_percent.s                 0x00000000   Number         0  _printf_s.o ABSOLUTE
    ../clib/printf_percent.s                 0x00000000   Number         0  _printf_x.o ABSOLUTE
    ../clib/printf_percent.s                 0x00000000   Number         0  _printf_d.o ABSOLUTE
    ../clib/printf_percent.s                 0x00000000   Number         0  _printf_percent.o ABSOLUTE
    ../clib/signal.c                         0x00000000   Number         0  defsig_exit.o ABSOLUTE
    ../clib/signal.c                         0x00000000   Number         0  defsig_rtmem_inner.o ABSOLUTE
    ../clib/signal.c                         0x00000000   Number         0  defsig_general.o ABSOLUTE
    ../clib/signal.c                         0x00000000   Number         0  defsig_rtmem_formal.o ABSOLUTE
    ../clib/signal.c                         0x00000000   Number         0  defsig_abrt_inner.o ABSOLUTE
    ../clib/signal.c                         0x00000000   Number         0  defsig_fpe_inner.o ABSOLUTE
    ../clib/signal.c                         0x00000000   Number         0  defsig_rtred_inner.o ABSOLUTE
    ../clib/signal.c                         0x00000000   Number         0  defsig_stak_inner.o ABSOLUTE
    ../clib/signal.c                         0x00000000   Number         0  defsig_pvfn_inner.o ABSOLUTE
    ../clib/signal.c                         0x00000000   Number         0  defsig_cppl_inner.o ABSOLUTE
    ../clib/signal.c                         0x00000000   Number         0  defsig_segv_inner.o ABSOLUTE
    ../clib/signal.c                         0x00000000   Number         0  defsig_other.o ABSOLUTE
    ../clib/signal.c                         0x00000000   Number         0  defsig_rtmem_outer.o ABSOLUTE
    ../clib/signal.c                         0x00000000   Number         0  __raise.o ABSOLUTE
    ../clib/signal.s                         0x00000000   Number         0  defsig.o ABSOLUTE
    ../clib/stdio.c                          0x00000000   Number         0  ferror.o ABSOLUTE
    ../clib/stdio.c                          0x00000000   Number         0  ferror_locked.o ABSOLUTE
    ../clib/stdlib.c                         0x00000000   Number         0  exit.o ABSOLUTE
    ../fplib/fpinit.s                        0x00000000   Number         0  fpinit.o ABSOLUTE
    ..\CORE\core_cm3.c                       0x00000000   Number         0  core_cm3.o ABSOLUTE
    ..\CORE\startup_stm32f10x_hd.s           0x00000000   Number         0  startup_stm32f10x_hd.o ABSOLUTE
    ..\HARDWARE\LED\led.c                    0x00000000   Number         0  led.o ABSOLUTE
    ..\HARDWARE\RFID\rc522.c                 0x00000000   Number         0  rc522.o ABSOLUTE
    ..\HARDWARE\TIMER\timer.c                0x00000000   Number         0  timer.o ABSOLUTE
    ..\STM32F10x_FWLib\src\misc.c            0x00000000   Number         0  misc.o ABSOLUTE
    ..\STM32F10x_FWLib\src\stm32f10x_fsmc.c  0x00000000   Number         0  stm32f10x_fsmc.o ABSOLUTE
    ..\STM32F10x_FWLib\src\stm32f10x_gpio.c  0x00000000   Number         0  stm32f10x_gpio.o ABSOLUTE
    ..\STM32F10x_FWLib\src\stm32f10x_rcc.c   0x00000000   Number         0  stm32f10x_rcc.o ABSOLUTE
    ..\STM32F10x_FWLib\src\stm32f10x_spi.c   0x00000000   Number         0  stm32f10x_spi.o ABSOLUTE
    ..\STM32F10x_FWLib\src\stm32f10x_tim.c   0x00000000   Number         0  stm32f10x_tim.o ABSOLUTE
    ..\STM32F10x_FWLib\src\stm32f10x_usart.c 0x00000000   Number         0  stm32f10x_usart.o ABSOLUTE
    ..\SYSTEM\delay\delay.c                  0x00000000   Number         0  delay.o ABSOLUTE
    ..\SYSTEM\sys\sys.c                      0x00000000   Number         0  sys.o ABSOLUTE
    ..\SYSTEM\usart\usart.c                  0x00000000   Number         0  usart.o ABSOLUTE
    ..\\CORE\\core_cm3.c                     0x00000000   Number         0  core_cm3.o ABSOLUTE
    ..\\SYSTEM\\sys\\sys.c                   0x00000000   Number         0  sys.o ABSOLUTE
    dc.s                                     0x00000000   Number         0  dc.o ABSOLUTE
    main.c                                   0x00000000   Number         0  main.o ABSOLUTE
    stm32f10x_it.c                           0x00000000   Number         0  stm32f10x_it.o ABSOLUTE
    system_stm32f10x.c                       0x00000000   Number         0  system_stm32f10x.o ABSOLUTE
    RESET                                    0x08000000   Section      304  startup_stm32f10x_hd.o(RESET)
    !!!main                                  0x08000130   Section        8  __main.o(!!!main)
    !!!scatter                               0x08000138   Section       52  __scatter.o(!!!scatter)
    !!handler_copy                           0x0800016c   Section       26  __scatter_copy.o(!!handler_copy)
    !!handler_zi                             0x08000188   Section       28  __scatter_zi.o(!!handler_zi)
    .ARM.Collect$$_printf_percent$$00000000  0x080001a4   Section        0  _printf_percent.o(.ARM.Collect$$_printf_percent$$00000000)
    .ARM.Collect$$_printf_percent$$00000009  0x080001a4   Section        6  _printf_d.o(.ARM.Collect$$_printf_percent$$00000009)
    .ARM.Collect$$_printf_percent$$0000000C  0x080001aa   Section        6  _printf_x.o(.ARM.Collect$$_printf_percent$$0000000C)
    .ARM.Collect$$_printf_percent$$00000013  0x080001b0   Section        6  _printf_c.o(.ARM.Collect$$_printf_percent$$00000013)
    .ARM.Collect$$_printf_percent$$00000014  0x080001b6   Section        6  _printf_s.o(.ARM.Collect$$_printf_percent$$00000014)
    .ARM.Collect$$_printf_percent$$00000017  0x080001bc   Section        4  _printf_percent_end.o(.ARM.Collect$$_printf_percent$$00000017)
    .ARM.Collect$$libinit$$00000000          0x080001c0   Section        2  libinit.o(.ARM.Collect$$libinit$$00000000)
    .ARM.Collect$$libinit$$00000002          0x080001c2   Section        0  libinit2.o(.ARM.Collect$$libinit$$00000002)
    .ARM.Collect$$libinit$$00000004          0x080001c2   Section        0  libinit2.o(.ARM.Collect$$libinit$$00000004)
    .ARM.Collect$$libinit$$0000000A          0x080001c2   Section        0  libinit2.o(.ARM.Collect$$libinit$$0000000A)
    .ARM.Collect$$libinit$$0000000C          0x080001c2   Section        0  libinit2.o(.ARM.Collect$$libinit$$0000000C)
    .ARM.Collect$$libinit$$0000000E          0x080001c2   Section        0  libinit2.o(.ARM.Collect$$libinit$$0000000E)
    .ARM.Collect$$libinit$$00000011          0x080001c2   Section        0  libinit2.o(.ARM.Collect$$libinit$$00000011)
    .ARM.Collect$$libinit$$00000013          0x080001c2   Section        0  libinit2.o(.ARM.Collect$$libinit$$00000013)
    .ARM.Collect$$libinit$$00000015          0x080001c2   Section        0  libinit2.o(.ARM.Collect$$libinit$$00000015)
    .ARM.Collect$$libinit$$00000017          0x080001c2   Section        0  libinit2.o(.ARM.Collect$$libinit$$00000017)
    .ARM.Collect$$libinit$$00000019          0x080001c2   Section        0  libinit2.o(.ARM.Collect$$libinit$$00000019)
    .ARM.Collect$$libinit$$0000001B          0x080001c2   Section        0  libinit2.o(.ARM.Collect$$libinit$$0000001B)
    .ARM.Collect$$libinit$$0000001D          0x080001c2   Section        0  libinit2.o(.ARM.Collect$$libinit$$0000001D)
    .ARM.Collect$$libinit$$0000001F          0x080001c2   Section        0  libinit2.o(.ARM.Collect$$libinit$$0000001F)
    .ARM.Collect$$libinit$$00000021          0x080001c2   Section        0  libinit2.o(.ARM.Collect$$libinit$$00000021)
    .ARM.Collect$$libinit$$00000023          0x080001c2   Section        0  libinit2.o(.ARM.Collect$$libinit$$00000023)
    .ARM.Collect$$libinit$$00000025          0x080001c2   Section        0  libinit2.o(.ARM.Collect$$libinit$$00000025)
    .ARM.Collect$$libinit$$0000002C          0x080001c2   Section        0  libinit2.o(.ARM.Collect$$libinit$$0000002C)
    .ARM.Collect$$libinit$$0000002E          0x080001c2   Section        0  libinit2.o(.ARM.Collect$$libinit$$0000002E)
    .ARM.Collect$$libinit$$00000030          0x080001c2   Section        0  libinit2.o(.ARM.Collect$$libinit$$00000030)
    .ARM.Collect$$libinit$$00000032          0x080001c2   Section        0  libinit2.o(.ARM.Collect$$libinit$$00000032)
    .ARM.Collect$$libinit$$00000033          0x080001c2   Section        2  libinit2.o(.ARM.Collect$$libinit$$00000033)
    .ARM.Collect$$libshutdown$$00000000      0x080001c4   Section        2  libshutdown.o(.ARM.Collect$$libshutdown$$00000000)
    .ARM.Collect$$libshutdown$$00000003      0x080001c6   Section        0  libshutdown2.o(.ARM.Collect$$libshutdown$$00000003)
    .ARM.Collect$$libshutdown$$00000006      0x080001c6   Section        0  libshutdown2.o(.ARM.Collect$$libshutdown$$00000006)
    .ARM.Collect$$libshutdown$$00000009      0x080001c6   Section        0  libshutdown2.o(.ARM.Collect$$libshutdown$$00000009)
    .ARM.Collect$$libshutdown$$0000000B      0x080001c6   Section        0  libshutdown2.o(.ARM.Collect$$libshutdown$$0000000B)
    .ARM.Collect$$libshutdown$$0000000E      0x080001c6   Section        0  libshutdown2.o(.ARM.Collect$$libshutdown$$0000000E)
    .ARM.Collect$$libshutdown$$0000000F      0x080001c6   Section        2  libshutdown2.o(.ARM.Collect$$libshutdown$$0000000F)
    .ARM.Collect$$rtentry$$00000000          0x080001c8   Section        0  __rtentry.o(.ARM.Collect$$rtentry$$00000000)
    .ARM.Collect$$rtentry$$00000002          0x080001c8   Section        0  __rtentry2.o(.ARM.Collect$$rtentry$$00000002)
    .ARM.Collect$$rtentry$$00000004          0x080001c8   Section        6  __rtentry4.o(.ARM.Collect$$rtentry$$00000004)
    .ARM.Collect$$rtentry$$00000009          0x080001ce   Section        0  __rtentry2.o(.ARM.Collect$$rtentry$$00000009)
    .ARM.Collect$$rtentry$$0000000A          0x080001ce   Section        4  __rtentry2.o(.ARM.Collect$$rtentry$$0000000A)
    .ARM.Collect$$rtentry$$0000000C          0x080001d2   Section        0  __rtentry2.o(.ARM.Collect$$rtentry$$0000000C)
    .ARM.Collect$$rtentry$$0000000D          0x080001d2   Section        8  __rtentry2.o(.ARM.Collect$$rtentry$$0000000D)
    .ARM.Collect$$rtexit$$00000000           0x080001da   Section        2  rtexit.o(.ARM.Collect$$rtexit$$00000000)
    .ARM.Collect$$rtexit$$00000002           0x080001dc   Section        0  rtexit2.o(.ARM.Collect$$rtexit$$00000002)
    .ARM.Collect$$rtexit$$00000003           0x080001dc   Section        4  rtexit2.o(.ARM.Collect$$rtexit$$00000003)
    .ARM.Collect$$rtexit$$00000004           0x080001e0   Section        6  rtexit2.o(.ARM.Collect$$rtexit$$00000004)
    .text                                    0x080001e8   Section        0  main.o(.text)
    .text                                    0x08000280   Section        0  stm32f10x_it.o(.text)
    .text                                    0x0800029c   Section        0  system_stm32f10x.o(.text)
    SetSysClockTo72                          0x0800029d   Thumb Code   214  system_stm32f10x.o(.text)
    SetSysClock                              0x08000373   Thumb Code     8  system_stm32f10x.o(.text)
    .text                                    0x0800047c   Section        0  rc522.o(.text)
    .text                                    0x08001b68   Section        0  led.o(.text)
    .text                                    0x08001bb4   Section        0  timer.o(.text)
    .text                                    0x08001f08   Section        0  delay.o(.text)
    .text                                    0x08001fdc   Section        0  usart.o(.text)
    .text                                    0x0800211c   Section       64  startup_stm32f10x_hd.o(.text)
    .text                                    0x0800215c   Section        0  misc.o(.text)
    .text                                    0x08002238   Section        0  stm32f10x_gpio.o(.text)
    .text                                    0x08002594   Section        0  stm32f10x_rcc.o(.text)
    .text                                    0x08002938   Section        0  stm32f10x_tim.o(.text)
    TI4_Config                               0x08002ddf   Thumb Code   130  stm32f10x_tim.o(.text)
    TI3_Config                               0x08002e73   Thumb Code   122  stm32f10x_tim.o(.text)
    TI2_Config                               0x08002f07   Thumb Code   130  stm32f10x_tim.o(.text)
    TI1_Config                               0x08002f9b   Thumb Code   108  stm32f10x_tim.o(.text)
    .text                                    0x08003754   Section        0  stm32f10x_usart.o(.text)
    .text                                    0x08003b5c   Section        0  stm32f10x_spi.o(.text)
    .text                                    0x08003e68   Section        2  use_no_semi_2.o(.text)
    .text                                    0x08003e6c   Section        0  noretval__2printf.o(.text)
    .text                                    0x08003e84   Section        0  _printf_pad.o(.text)
    .text                                    0x08003ed2   Section        0  _printf_str.o(.text)
    .text                                    0x08003f24   Section        0  _printf_dec.o(.text)
    .text                                    0x08003f9c   Section        0  _printf_hex_int.o(.text)
    .text                                    0x08003ff4   Section        0  __printf_flags_wp.o(.text)
    .text                                    0x0800412c   Section      138  rt_memcpy_v6.o(.text)
    .text                                    0x080041b6   Section      100  rt_memcpy_w.o(.text)
    .text                                    0x0800421a   Section        0  heapauxi.o(.text)
    .text                                    0x08004220   Section        2  use_no_semi.o(.text)
    .text                                    0x08004222   Section        0  _printf_intcommon.o(.text)
    .text                                    0x080042d4   Section        0  _printf_char.o(.text)
    .text                                    0x08004300   Section        0  _printf_char_file.o(.text)
    .text                                    0x08004324   Section        0  _printf_char_common.o(.text)
    _printf_input_char                       0x08004325   Thumb Code    10  _printf_char_common.o(.text)
    .text                                    0x08004354   Section        0  ferror.o(.text)
    .text                                    0x0800435c   Section       74  sys_stackheap_outer.o(.text)
    .text                                    0x080043a6   Section        0  exit.o(.text)
    .text                                    0x080043b4   Section        8  libspace.o(.text)
    i._is_digit                              0x080043bc   Section        0  __printf_wp.o(i._is_digit)
    .constdata                               0x080043cc   Section      257  rc522.o(.constdata)
    .constdata                               0x080044cd   Section       40  _printf_hex_int.o(.constdata)
    uc_hextab                                0x080044cd   Data          20  _printf_hex_int.o(.constdata)
    lc_hextab                                0x080044e1   Data          20  _printf_hex_int.o(.constdata)
    .constdata                               0x080044f5   Section       17  __printf_flags_wp.o(.constdata)
    maptable                                 0x080044f5   Data          17  __printf_flags_wp.o(.constdata)
    .data                                    0x20000000   Section       20  system_stm32f10x.o(.data)
    .data                                    0x20000014   Section      128  rc522.o(.data)
    .data                                    0x20000094   Section        4  delay.o(.data)
    fac_us                                   0x20000094   Data           1  delay.o(.data)
    fac_ms                                   0x20000096   Data           2  delay.o(.data)
    .data                                    0x20000098   Section        6  usart.o(.data)
    .data                                    0x2000009e   Section       20  stm32f10x_rcc.o(.data)
    APBAHBPrescTable                         0x2000009e   Data          16  stm32f10x_rcc.o(.data)
    ADCPrescTable                            0x200000ae   Data           4  stm32f10x_rcc.o(.data)
    .bss                                     0x200000b4   Section       64  rc522.o(.bss)
    .bss                                     0x200000f4   Section      200  usart.o(.bss)
    .bss                                     0x200001bc   Section       96  libspace.o(.bss)
    HEAP                                     0x20000220   Section      512  startup_stm32f10x_hd.o(HEAP)
    Heap_Mem                                 0x20000220   Data         512  startup_stm32f10x_hd.o(HEAP)
    STACK                                    0x20000420   Section     1024  startup_stm32f10x_hd.o(STACK)
    Stack_Mem                                0x20000420   Data        1024  startup_stm32f10x_hd.o(STACK)
    __initial_sp                             0x20000820   Data           0  startup_stm32f10x_hd.o(STACK)

    Global Symbols

    Symbol Name                              Value     Ov Type        Size  Object(Section)

    BuildAttributes$$THM_ISAv4$P$D$K$B$S$PE$A:L22UL41UL21$X:L11$S22US41US21$IEEE1$IW$USESV6$~STKCKD$USESV7$~SHL$OSPACE$ROPI$EBA8$UX$STANDARDLIB$REQ8$PRES8$EABIv2 0x00000000   Number         0  anon$$obj.o ABSOLUTE
    __ARM_use_no_argv                        0x00000000   Number         0  main.o ABSOLUTE
    _printf_flags                            0x00000000   Number         0  printf_stubs.o ABSOLUTE
    _printf_return_value                     0x00000000   Number         0  printf_stubs.o ABSOLUTE
    _printf_sizespec                         0x00000000   Number         0  printf_stubs.o ABSOLUTE
    _printf_widthprec                        0x00000000   Number         0  printf_stubs.o ABSOLUTE
    __ARM_exceptions_init                     - Undefined Weak Reference
    __alloca_initialize                       - Undefined Weak Reference
    __arm_preinit_                            - Undefined Weak Reference
    __cpp_initialize__aeabi_                  - Undefined Weak Reference
    __cxa_finalize                            - Undefined Weak Reference
    __rt_locale                               - Undefined Weak Reference
    __sigvec_lookup                           - Undefined Weak Reference
    _atexit_init                              - Undefined Weak Reference
    _call_atexit_fns                          - Undefined Weak Reference
    _clock_init                               - Undefined Weak Reference
    _fp_trap_init                             - Undefined Weak Reference
    _fp_trap_shutdown                         - Undefined Weak Reference
    _get_lc_collate                           - Undefined Weak Reference
    _get_lc_ctype                             - Undefined Weak Reference
    _get_lc_monetary                          - Undefined Weak Reference
    _get_lc_numeric                           - Undefined Weak Reference
    _get_lc_time                              - Undefined Weak Reference
    _getenv_init                              - Undefined Weak Reference
    _handle_redirection                       - Undefined Weak Reference
    _init_alloc                               - Undefined Weak Reference
    _init_user_alloc                          - Undefined Weak Reference
    _initio                                   - Undefined Weak Reference
    _mutex_acquire                            - Undefined Weak Reference
    _mutex_release                            - Undefined Weak Reference
    _printf_mbtowc                            - Undefined Weak Reference
    _printf_truncate_signed                   - Undefined Weak Reference
    _printf_truncate_unsigned                 - Undefined Weak Reference
    _rand_init                                - Undefined Weak Reference
    _signal_finish                            - Undefined Weak Reference
    _signal_init                              - Undefined Weak Reference
    _terminate_alloc                          - Undefined Weak Reference
    _terminate_user_alloc                     - Undefined Weak Reference
    _terminateio                              - Undefined Weak Reference
    __Vectors_Size                           0x00000130   Number         0  startup_stm32f10x_hd.o ABSOLUTE
    __Vectors                                0x08000000   Data           4  startup_stm32f10x_hd.o(RESET)
    __Vectors_End                            0x08000130   Data           0  startup_stm32f10x_hd.o(RESET)
    __main                                   0x08000131   Thumb Code     8  __main.o(!!!main)
    __scatterload                            0x08000139   Thumb Code     0  __scatter.o(!!!scatter)
    __scatterload_rt2                        0x08000139   Thumb Code    44  __scatter.o(!!!scatter)
    __scatterload_rt2_thumb_only             0x08000139   Thumb Code     0  __scatter.o(!!!scatter)
    __scatterload_null                       0x08000147   Thumb Code     0  __scatter.o(!!!scatter)
    __scatterload_copy                       0x0800016d   Thumb Code    26  __scatter_copy.o(!!handler_copy)
    __scatterload_zeroinit                   0x08000189   Thumb Code    28  __scatter_zi.o(!!handler_zi)
    _printf_d                                0x080001a5   Thumb Code     0  _printf_d.o(.ARM.Collect$$_printf_percent$$00000009)
    _printf_percent                          0x080001a5   Thumb Code     0  _printf_percent.o(.ARM.Collect$$_printf_percent$$00000000)
    _printf_x                                0x080001ab   Thumb Code     0  _printf_x.o(.ARM.Collect$$_printf_percent$$0000000C)
    _printf_c                                0x080001b1   Thumb Code     0  _printf_c.o(.ARM.Collect$$_printf_percent$$00000013)
    _printf_s                                0x080001b7   Thumb Code     0  _printf_s.o(.ARM.Collect$$_printf_percent$$00000014)
    _printf_percent_end                      0x080001bd   Thumb Code     0  _printf_percent_end.o(.ARM.Collect$$_printf_percent$$00000017)
    __rt_lib_init                            0x080001c1   Thumb Code     0  libinit.o(.ARM.Collect$$libinit$$00000000)
    __rt_lib_init_alloca_1                   0x080001c3   Thumb Code     0  libinit2.o(.ARM.Collect$$libinit$$0000002E)
    __rt_lib_init_argv_1                     0x080001c3   Thumb Code     0  libinit2.o(.ARM.Collect$$libinit$$0000002C)
    __rt_lib_init_atexit_1                   0x080001c3   Thumb Code     0  libinit2.o(.ARM.Collect$$libinit$$0000001B)
    __rt_lib_init_clock_1                    0x080001c3   Thumb Code     0  libinit2.o(.ARM.Collect$$libinit$$00000021)
    __rt_lib_init_cpp_1                      0x080001c3   Thumb Code     0  libinit2.o(.ARM.Collect$$libinit$$00000032)
    __rt_lib_init_exceptions_1               0x080001c3   Thumb Code     0  libinit2.o(.ARM.Collect$$libinit$$00000030)
    __rt_lib_init_fp_1                       0x080001c3   Thumb Code     0  libinit2.o(.ARM.Collect$$libinit$$00000002)
    __rt_lib_init_fp_trap_1                  0x080001c3   Thumb Code     0  libinit2.o(.ARM.Collect$$libinit$$0000001F)
    __rt_lib_init_getenv_1                   0x080001c3   Thumb Code     0  libinit2.o(.ARM.Collect$$libinit$$00000023)
    __rt_lib_init_heap_1                     0x080001c3   Thumb Code     0  libinit2.o(.ARM.Collect$$libinit$$0000000A)
    __rt_lib_init_lc_collate_1               0x080001c3   Thumb Code     0  libinit2.o(.ARM.Collect$$libinit$$00000011)
    __rt_lib_init_lc_ctype_1                 0x080001c3   Thumb Code     0  libinit2.o(.ARM.Collect$$libinit$$00000013)
    __rt_lib_init_lc_monetary_1              0x080001c3   Thumb Code     0  libinit2.o(.ARM.Collect$$libinit$$00000015)
    __rt_lib_init_lc_numeric_1               0x080001c3   Thumb Code     0  libinit2.o(.ARM.Collect$$libinit$$00000017)
    __rt_lib_init_lc_time_1                  0x080001c3   Thumb Code     0  libinit2.o(.ARM.Collect$$libinit$$00000019)
    __rt_lib_init_preinit_1                  0x080001c3   Thumb Code     0  libinit2.o(.ARM.Collect$$libinit$$00000004)
    __rt_lib_init_rand_1                     0x080001c3   Thumb Code     0  libinit2.o(.ARM.Collect$$libinit$$0000000E)
    __rt_lib_init_return                     0x080001c3   Thumb Code     0  libinit2.o(.ARM.Collect$$libinit$$00000033)
    __rt_lib_init_signal_1                   0x080001c3   Thumb Code     0  libinit2.o(.ARM.Collect$$libinit$$0000001D)
    __rt_lib_init_stdio_1                    0x080001c3   Thumb Code     0  libinit2.o(.ARM.Collect$$libinit$$00000025)
    __rt_lib_init_user_alloc_1               0x080001c3   Thumb Code     0  libinit2.o(.ARM.Collect$$libinit$$0000000C)
    __rt_lib_shutdown                        0x080001c5   Thumb Code     0  libshutdown.o(.ARM.Collect$$libshutdown$$00000000)
    __rt_lib_shutdown_fp_trap_1              0x080001c7   Thumb Code     0  libshutdown2.o(.ARM.Collect$$libshutdown$$00000006)
    __rt_lib_shutdown_heap_1                 0x080001c7   Thumb Code     0  libshutdown2.o(.ARM.Collect$$libshutdown$$0000000E)
    __rt_lib_shutdown_return                 0x080001c7   Thumb Code     0  libshutdown2.o(.ARM.Collect$$libshutdown$$0000000F)
    __rt_lib_shutdown_signal_1               0x080001c7   Thumb Code     0  libshutdown2.o(.ARM.Collect$$libshutdown$$00000009)
    __rt_lib_shutdown_stdio_1                0x080001c7   Thumb Code     0  libshutdown2.o(.ARM.Collect$$libshutdown$$00000003)
    __rt_lib_shutdown_user_alloc_1           0x080001c7   Thumb Code     0  libshutdown2.o(.ARM.Collect$$libshutdown$$0000000B)
    __rt_entry                               0x080001c9   Thumb Code     0  __rtentry.o(.ARM.Collect$$rtentry$$00000000)
    __rt_entry_presh_1                       0x080001c9   Thumb Code     0  __rtentry2.o(.ARM.Collect$$rtentry$$00000002)
    __rt_entry_sh                            0x080001c9   Thumb Code     0  __rtentry4.o(.ARM.Collect$$rtentry$$00000004)
    __rt_entry_li                            0x080001cf   Thumb Code     0  __rtentry2.o(.ARM.Collect$$rtentry$$0000000A)
    __rt_entry_postsh_1                      0x080001cf   Thumb Code     0  __rtentry2.o(.ARM.Collect$$rtentry$$00000009)
    __rt_entry_main                          0x080001d3   Thumb Code     0  __rtentry2.o(.ARM.Collect$$rtentry$$0000000D)
    __rt_entry_postli_1                      0x080001d3   Thumb Code     0  __rtentry2.o(.ARM.Collect$$rtentry$$0000000C)
    __rt_exit                                0x080001db   Thumb Code     0  rtexit.o(.ARM.Collect$$rtexit$$00000000)
    __rt_exit_ls                             0x080001dd   Thumb Code     0  rtexit2.o(.ARM.Collect$$rtexit$$00000003)
    __rt_exit_prels_1                        0x080001dd   Thumb Code     0  rtexit2.o(.ARM.Collect$$rtexit$$00000002)
    __rt_exit_exit                           0x080001e1   Thumb Code     0  rtexit2.o(.ARM.Collect$$rtexit$$00000004)
    main                                     0x080001e9   Thumb Code   134  main.o(.text)
    NMI_Handler                              0x08000281   Thumb Code     2  stm32f10x_it.o(.text)
    HardFault_Handler                        0x08000283   Thumb Code     4  stm32f10x_it.o(.text)
    MemManage_Handler                        0x08000287   Thumb Code     4  stm32f10x_it.o(.text)
    BusFault_Handler                         0x0800028b   Thumb Code     4  stm32f10x_it.o(.text)
    UsageFault_Handler                       0x0800028f   Thumb Code     4  stm32f10x_it.o(.text)
    SVC_Handler                              0x08000293   Thumb Code     2  stm32f10x_it.o(.text)
    DebugMon_Handler                         0x08000295   Thumb Code     2  stm32f10x_it.o(.text)
    PendSV_Handler                           0x08000297   Thumb Code     2  stm32f10x_it.o(.text)
    SysTick_Handler                          0x08000299   Thumb Code     2  stm32f10x_it.o(.text)
    SystemInit                               0x0800037b   Thumb Code    78  system_stm32f10x.o(.text)
    SystemCoreClockUpdate                    0x080003c9   Thumb Code   142  system_stm32f10x.o(.text)
    SPI_RC522_SendByte                       0x0800047d   Thumb Code    80  rc522.o(.text)
    WriteRawRC                               0x080004cd   Thumb Code    42  rc522.o(.text)
    SPI_RC522_ReadByte                       0x080004f7   Thumb Code    72  rc522.o(.text)
    ReadRawRC                                0x0800053f   Thumb Code    46  rc522.o(.text)
    SetBitMask                               0x0800056d   Thumb Code    26  rc522.o(.text)
    ClearBitMask                             0x08000587   Thumb Code    26  rc522.o(.text)
    PcdComMF522                              0x080005a1   Thumb Code   306  rc522.o(.text)
    CalulateCRC                              0x080006d3   Thumb Code   108  rc522.o(.text)
    PcdWrite                                 0x0800073f   Thumb Code   156  rc522.o(.text)
    ShowID                                   0x080007db   Thumb Code   186  rc522.o(.text)
    PcdRead                                  0x08000895   Thumb Code    84  rc522.o(.text)
    PcdAuthState                             0x080008e9   Thumb Code   110  rc522.o(.text)
    PcdSelect                                0x08000957   Thumb Code   114  rc522.o(.text)
    PcdAnticoll                              0x080009c9   Thumb Code   112  rc522.o(.text)
    PcdRequest                               0x08000a39   Thumb Code    84  rc522.o(.text)
    My_RC522_Handle                          0x08000a8d   Thumb Code   390  rc522.o(.text)
    RC522_Handle                             0x08000c13   Thumb Code   790  rc522.o(.text)
    RC522_Handle1                            0x08000f29   Thumb Code  1274  rc522.o(.text)
    RC522_data_break                         0x08001423   Thumb Code   588  rc522.o(.text)
    PcdAntennaOn                             0x0800166f   Thumb Code    26  rc522.o(.text)
    M500PcdConfigISOType                     0x08001689   Thumb Code   378  rc522.o(.text)
    PcdReset                                 0x08001803   Thumb Code   124  rc522.o(.text)
    SPI1_Init                                0x0800187f   Thumb Code   224  rc522.o(.text)
    RC522_Init                               0x0800195f   Thumb Code    34  rc522.o(.text)
    PcdAntennaOff                            0x08001981   Thumb Code    12  rc522.o(.text)
    PcdHalt                                  0x0800198d   Thumb Code    50  rc522.o(.text)
    IC_RW                                    0x080019bf   Thumb Code   244  rc522.o(.text)
    WaitCardOff                              0x08001ab3   Thumb Code    52  rc522.o(.text)
    LED_Init                                 0x08001b69   Thumb Code    68  led.o(.text)
    TIM1_PWM_Init                            0x08001bb5   Thumb Code   144  timer.o(.text)
    TIM2_Int_Init                            0x08001c45   Thumb Code    92  timer.o(.text)
    TIM2_IRQHandler                          0x08001ca1   Thumb Code    38  timer.o(.text)
    TIM3_Int_Init                            0x08001cc7   Thumb Code    90  timer.o(.text)
    TIM3_IRQHandler                          0x08001d21   Thumb Code    38  timer.o(.text)
    TIM3_PWM_Init                            0x08001d47   Thumb Code   130  timer.o(.text)
    TIM4_Int_Init                            0x08001dc9   Thumb Code    90  timer.o(.text)
    TIM4_IRQHandler                          0x08001e23   Thumb Code    38  timer.o(.text)
    TIM4_PWM_Init                            0x08001e49   Thumb Code   164  timer.o(.text)
    delay_init                               0x08001f09   Thumb Code    50  delay.o(.text)
    delay_us                                 0x08001f3b   Thumb Code    72  delay.o(.text)
    delay_ms                                 0x08001f83   Thumb Code    72  delay.o(.text)
    _sys_exit                                0x08001fdd   Thumb Code     6  usart.o(.text)
    fputc                                    0x08001fe3   Thumb Code    24  usart.o(.text)
    uart_init                                0x08001ffb   Thumb Code   152  usart.o(.text)
    USART1_IRQHandler                        0x08002093   Thumb Code   122  usart.o(.text)
    Reset_Handler                            0x0800211d   Thumb Code     8  startup_stm32f10x_hd.o(.text)
    ADC1_2_IRQHandler                        0x08002137   Thumb Code     0  startup_stm32f10x_hd.o(.text)
    ADC3_IRQHandler                          0x08002137   Thumb Code     0  startup_stm32f10x_hd.o(.text)
    CAN1_RX1_IRQHandler                      0x08002137   Thumb Code     0  startup_stm32f10x_hd.o(.text)
    CAN1_SCE_IRQHandler                      0x08002137   Thumb Code     0  startup_stm32f10x_hd.o(.text)
    DMA1_Channel1_IRQHandler                 0x08002137   Thumb Code     0  startup_stm32f10x_hd.o(.text)
    DMA1_Channel2_IRQHandler                 0x08002137   Thumb Code     0  startup_stm32f10x_hd.o(.text)
    DMA1_Channel3_IRQHandler                 0x08002137   Thumb Code     0  startup_stm32f10x_hd.o(.text)
    DMA1_Channel4_IRQHandler                 0x08002137   Thumb Code     0  startup_stm32f10x_hd.o(.text)
    DMA1_Channel5_IRQHandler                 0x08002137   Thumb Code     0  startup_stm32f10x_hd.o(.text)
    DMA1_Channel6_IRQHandler                 0x08002137   Thumb Code     0  startup_stm32f10x_hd.o(.text)
    DMA1_Channel7_IRQHandler                 0x08002137   Thumb Code     0  startup_stm32f10x_hd.o(.text)
    DMA2_Channel1_IRQHandler                 0x08002137   Thumb Code     0  startup_stm32f10x_hd.o(.text)
    DMA2_Channel2_IRQHandler                 0x08002137   Thumb Code     0  startup_stm32f10x_hd.o(.text)
    DMA2_Channel3_IRQHandler                 0x08002137   Thumb Code     0  startup_stm32f10x_hd.o(.text)
    DMA2_Channel4_5_IRQHandler               0x08002137   Thumb Code     0  startup_stm32f10x_hd.o(.text)
    EXTI0_IRQHandler                         0x08002137   Thumb Code     0  startup_stm32f10x_hd.o(.text)
    EXTI15_10_IRQHandler                     0x08002137   Thumb Code     0  startup_stm32f10x_hd.o(.text)
    EXTI1_IRQHandler                         0x08002137   Thumb Code     0  startup_stm32f10x_hd.o(.text)
    EXTI2_IRQHandler                         0x08002137   Thumb Code     0  startup_stm32f10x_hd.o(.text)
    EXTI3_IRQHandler                         0x08002137   Thumb Code     0  startup_stm32f10x_hd.o(.text)
    EXTI4_IRQHandler                         0x08002137   Thumb Code     0  startup_stm32f10x_hd.o(.text)
    EXTI9_5_IRQHandler                       0x08002137   Thumb Code     0  startup_stm32f10x_hd.o(.text)
    FLASH_IRQHandler                         0x08002137   Thumb Code     0  startup_stm32f10x_hd.o(.text)
    FSMC_IRQHandler                          0x08002137   Thumb Code     0  startup_stm32f10x_hd.o(.text)
    I2C1_ER_IRQHandler                       0x08002137   Thumb Code     0  startup_stm32f10x_hd.o(.text)
    I2C1_EV_IRQHandler                       0x08002137   Thumb Code     0  startup_stm32f10x_hd.o(.text)
    I2C2_ER_IRQHandler                       0x08002137   Thumb Code     0  startup_stm32f10x_hd.o(.text)
    I2C2_EV_IRQHandler                       0x08002137   Thumb Code     0  startup_stm32f10x_hd.o(.text)
    PVD_IRQHandler                           0x08002137   Thumb Code     0  startup_stm32f10x_hd.o(.text)
    RCC_IRQHandler                           0x08002137   Thumb Code     0  startup_stm32f10x_hd.o(.text)
    RTCAlarm_IRQHandler                      0x08002137   Thumb Code     0  startup_stm32f10x_hd.o(.text)
    RTC_IRQHandler                           0x08002137   Thumb Code     0  startup_stm32f10x_hd.o(.text)
    SDIO_IRQHandler                          0x08002137   Thumb Code     0  startup_stm32f10x_hd.o(.text)
    SPI1_IRQHandler                          0x08002137   Thumb Code     0  startup_stm32f10x_hd.o(.text)
    SPI2_IRQHandler                          0x08002137   Thumb Code     0  startup_stm32f10x_hd.o(.text)
    SPI3_IRQHandler                          0x08002137   Thumb Code     0  startup_stm32f10x_hd.o(.text)
    TAMPER_IRQHandler                        0x08002137   Thumb Code     0  startup_stm32f10x_hd.o(.text)
    TIM1_BRK_IRQHandler                      0x08002137   Thumb Code     0  startup_stm32f10x_hd.o(.text)
    TIM1_CC_IRQHandler                       0x08002137   Thumb Code     0  startup_stm32f10x_hd.o(.text)
    TIM1_TRG_COM_IRQHandler                  0x08002137   Thumb Code     0  startup_stm32f10x_hd.o(.text)
    TIM1_UP_IRQHandler                       0x08002137   Thumb Code     0  startup_stm32f10x_hd.o(.text)
    TIM5_IRQHandler                          0x08002137   Thumb Code     0  startup_stm32f10x_hd.o(.text)
    TIM6_IRQHandler                          0x08002137   Thumb Code     0  startup_stm32f10x_hd.o(.text)
    TIM7_IRQHandler                          0x08002137   Thumb Code     0  startup_stm32f10x_hd.o(.text)
    TIM8_BRK_IRQHandler                      0x08002137   Thumb Code     0  startup_stm32f10x_hd.o(.text)
    TIM8_CC_IRQHandler                       0x08002137   Thumb Code     0  startup_stm32f10x_hd.o(.text)
    TIM8_TRG_COM_IRQHandler                  0x08002137   Thumb Code     0  startup_stm32f10x_hd.o(.text)
    TIM8_UP_IRQHandler                       0x08002137   Thumb Code     0  startup_stm32f10x_hd.o(.text)
    UART4_IRQHandler                         0x08002137   Thumb Code     0  startup_stm32f10x_hd.o(.text)
    UART5_IRQHandler                         0x08002137   Thumb Code     0  startup_stm32f10x_hd.o(.text)
    USART2_IRQHandler                        0x08002137   Thumb Code     0  startup_stm32f10x_hd.o(.text)
    USART3_IRQHandler                        0x08002137   Thumb Code     0  startup_stm32f10x_hd.o(.text)
    USBWakeUp_IRQHandler                     0x08002137   Thumb Code     0  startup_stm32f10x_hd.o(.text)
    USB_HP_CAN1_TX_IRQHandler                0x08002137   Thumb Code     0  startup_stm32f10x_hd.o(.text)
    USB_LP_CAN1_RX0_IRQHandler               0x08002137   Thumb Code     0  startup_stm32f10x_hd.o(.text)
    WWDG_IRQHandler                          0x08002137   Thumb Code     0  startup_stm32f10x_hd.o(.text)
    __user_initial_stackheap                 0x08002139   Thumb Code     0  startup_stm32f10x_hd.o(.text)
    NVIC_PriorityGroupConfig                 0x0800215d   Thumb Code    10  misc.o(.text)
    NVIC_Init                                0x08002167   Thumb Code   100  misc.o(.text)
    NVIC_SetVectorTable                      0x080021cb   Thumb Code    14  misc.o(.text)
    NVIC_SystemLPConfig                      0x080021d9   Thumb Code    34  misc.o(.text)
    SysTick_CLKSourceConfig                  0x080021fb   Thumb Code    40  misc.o(.text)
    GPIO_DeInit                              0x08002239   Thumb Code   172  stm32f10x_gpio.o(.text)
    GPIO_AFIODeInit                          0x080022e5   Thumb Code    20  stm32f10x_gpio.o(.text)
    GPIO_Init                                0x080022f9   Thumb Code   278  stm32f10x_gpio.o(.text)
    GPIO_StructInit                          0x0800240f   Thumb Code    16  stm32f10x_gpio.o(.text)
    GPIO_ReadInputDataBit                    0x0800241f   Thumb Code    18  stm32f10x_gpio.o(.text)
    GPIO_ReadInputData                       0x08002431   Thumb Code     8  stm32f10x_gpio.o(.text)
    GPIO_ReadOutputDataBit                   0x08002439   Thumb Code    18  stm32f10x_gpio.o(.text)
    GPIO_ReadOutputData                      0x0800244b   Thumb Code     8  stm32f10x_gpio.o(.text)
    GPIO_SetBits                             0x08002453   Thumb Code     4  stm32f10x_gpio.o(.text)
    GPIO_ResetBits                           0x08002457   Thumb Code     4  stm32f10x_gpio.o(.text)
    GPIO_WriteBit                            0x0800245b   Thumb Code    10  stm32f10x_gpio.o(.text)
    GPIO_Write                               0x08002465   Thumb Code     4  stm32f10x_gpio.o(.text)
    GPIO_PinLockConfig                       0x08002469   Thumb Code    18  stm32f10x_gpio.o(.text)
    GPIO_EventOutputConfig                   0x0800247b   Thumb Code    26  stm32f10x_gpio.o(.text)
    GPIO_EventOutputCmd                      0x08002495   Thumb Code     6  stm32f10x_gpio.o(.text)
    GPIO_PinRemapConfig                      0x0800249b   Thumb Code   138  stm32f10x_gpio.o(.text)
    GPIO_EXTILineConfig                      0x08002525   Thumb Code    66  stm32f10x_gpio.o(.text)
    GPIO_ETH_MediaInterfaceConfig            0x08002567   Thumb Code     8  stm32f10x_gpio.o(.text)
    RCC_DeInit                               0x08002595   Thumb Code    64  stm32f10x_rcc.o(.text)
    RCC_HSEConfig                            0x080025d5   Thumb Code    70  stm32f10x_rcc.o(.text)
    RCC_GetFlagStatus                        0x0800261b   Thumb Code    56  stm32f10x_rcc.o(.text)
    RCC_WaitForHSEStartUp                    0x08002653   Thumb Code    56  stm32f10x_rcc.o(.text)
    RCC_AdjustHSICalibrationValue            0x0800268b   Thumb Code    20  stm32f10x_rcc.o(.text)
    RCC_HSICmd                               0x0800269f   Thumb Code     6  stm32f10x_rcc.o(.text)
    RCC_PLLConfig                            0x080026a5   Thumb Code    24  stm32f10x_rcc.o(.text)
    RCC_PLLCmd                               0x080026bd   Thumb Code     6  stm32f10x_rcc.o(.text)
    RCC_SYSCLKConfig                         0x080026c3   Thumb Code    18  stm32f10x_rcc.o(.text)
    RCC_GetSYSCLKSource                      0x080026d5   Thumb Code    10  stm32f10x_rcc.o(.text)
    RCC_HCLKConfig                           0x080026df   Thumb Code    18  stm32f10x_rcc.o(.text)
    RCC_PCLK1Config                          0x080026f1   Thumb Code    18  stm32f10x_rcc.o(.text)
    RCC_PCLK2Config                          0x08002703   Thumb Code    20  stm32f10x_rcc.o(.text)
    RCC_ITConfig                             0x08002717   Thumb Code    26  stm32f10x_rcc.o(.text)
    RCC_USBCLKConfig                         0x08002731   Thumb Code     8  stm32f10x_rcc.o(.text)
    RCC_ADCCLKConfig                         0x08002739   Thumb Code    18  stm32f10x_rcc.o(.text)
    RCC_LSEConfig                            0x0800274b   Thumb Code    50  stm32f10x_rcc.o(.text)
    RCC_LSICmd                               0x0800277d   Thumb Code     6  stm32f10x_rcc.o(.text)
    RCC_RTCCLKConfig                         0x08002783   Thumb Code    12  stm32f10x_rcc.o(.text)
    RCC_RTCCLKCmd                            0x0800278f   Thumb Code     8  stm32f10x_rcc.o(.text)
    RCC_GetClocksFreq                        0x08002797   Thumb Code   192  stm32f10x_rcc.o(.text)
    RCC_AHBPeriphClockCmd                    0x08002857   Thumb Code    26  stm32f10x_rcc.o(.text)
    RCC_APB2PeriphClockCmd                   0x08002871   Thumb Code    26  stm32f10x_rcc.o(.text)
    RCC_APB1PeriphClockCmd                   0x0800288b   Thumb Code    26  stm32f10x_rcc.o(.text)
    RCC_APB2PeriphResetCmd                   0x080028a5   Thumb Code    26  stm32f10x_rcc.o(.text)
    RCC_APB1PeriphResetCmd                   0x080028bf   Thumb Code    26  stm32f10x_rcc.o(.text)
    RCC_BackupResetCmd                       0x080028d9   Thumb Code     8  stm32f10x_rcc.o(.text)
    RCC_ClockSecuritySystemCmd               0x080028e1   Thumb Code     6  stm32f10x_rcc.o(.text)
    RCC_MCOConfig                            0x080028e7   Thumb Code     6  stm32f10x_rcc.o(.text)
    RCC_ClearFlag                            0x080028ed   Thumb Code    14  stm32f10x_rcc.o(.text)
    RCC_GetITStatus                          0x080028fb   Thumb Code    20  stm32f10x_rcc.o(.text)
    RCC_ClearITPendingBit                    0x0800290f   Thumb Code     6  stm32f10x_rcc.o(.text)
    TIM_DeInit                               0x08002939   Thumb Code   424  stm32f10x_tim.o(.text)
    TIM_TimeBaseInit                         0x08002ae1   Thumb Code   122  stm32f10x_tim.o(.text)
    TIM_OC1Init                              0x08002b5b   Thumb Code   132  stm32f10x_tim.o(.text)
    TIM_OC2Init                              0x08002bdf   Thumb Code   154  stm32f10x_tim.o(.text)
    TIM_OC3Init                              0x08002c79   Thumb Code   150  stm32f10x_tim.o(.text)
    TIM_OC4Init                              0x08002d0f   Thumb Code   182  stm32f10x_tim.o(.text)
    TIM_SetIC4Prescaler                      0x08002dc5   Thumb Code    26  stm32f10x_tim.o(.text)
    TIM_SetIC3Prescaler                      0x08002e61   Thumb Code    18  stm32f10x_tim.o(.text)
    TIM_SetIC2Prescaler                      0x08002eed   Thumb Code    26  stm32f10x_tim.o(.text)
    TIM_SetIC1Prescaler                      0x08002f89   Thumb Code    18  stm32f10x_tim.o(.text)
    TIM_ICInit                               0x08003007   Thumb Code   150  stm32f10x_tim.o(.text)
    TIM_PWMIConfig                           0x0800309d   Thumb Code   124  stm32f10x_tim.o(.text)
    TIM_BDTRConfig                           0x08003119   Thumb Code    32  stm32f10x_tim.o(.text)
    TIM_TimeBaseStructInit                   0x08003139   Thumb Code    18  stm32f10x_tim.o(.text)
    TIM_OCStructInit                         0x0800314b   Thumb Code    20  stm32f10x_tim.o(.text)
    TIM_ICStructInit                         0x0800315f   Thumb Code    18  stm32f10x_tim.o(.text)
    TIM_BDTRStructInit                       0x08003171   Thumb Code    40  stm32f10x_tim.o(.text)
    TIM_Cmd                                  0x08003199   Thumb Code    24  stm32f10x_tim.o(.text)
    TIM_CtrlPWMOutputs                       0x080031b1   Thumb Code    30  stm32f10x_tim.o(.text)
    TIM_ITConfig                             0x080031cf   Thumb Code    18  stm32f10x_tim.o(.text)
    TIM_GenerateEvent                        0x080031e1   Thumb Code     4  stm32f10x_tim.o(.text)
    TIM_DMAConfig                            0x080031e5   Thumb Code    10  stm32f10x_tim.o(.text)
    TIM_DMACmd                               0x080031ef   Thumb Code    18  stm32f10x_tim.o(.text)
    TIM_InternalClockConfig                  0x08003201   Thumb Code    12  stm32f10x_tim.o(.text)
    TIM_SelectInputTrigger                   0x0800320d   Thumb Code    18  stm32f10x_tim.o(.text)
    TIM_ITRxExternalClockConfig              0x0800321f   Thumb Code    24  stm32f10x_tim.o(.text)
    TIM_TIxExternalClockConfig               0x08003237   Thumb Code    62  stm32f10x_tim.o(.text)
    TIM_ETRConfig                            0x08003275   Thumb Code    28  stm32f10x_tim.o(.text)
    TIM_ETRClockMode1Config                  0x08003291   Thumb Code    54  stm32f10x_tim.o(.text)
    TIM_ETRClockMode2Config                  0x080032c7   Thumb Code    32  stm32f10x_tim.o(.text)
    TIM_PrescalerConfig                      0x080032e7   Thumb Code     6  stm32f10x_tim.o(.text)
    TIM_CounterModeConfig                    0x080032ed   Thumb Code    18  stm32f10x_tim.o(.text)
    TIM_EncoderInterfaceConfig               0x080032ff   Thumb Code    66  stm32f10x_tim.o(.text)
    TIM_ForcedOC1Config                      0x08003341   Thumb Code    18  stm32f10x_tim.o(.text)
    TIM_ForcedOC2Config                      0x08003353   Thumb Code    26  stm32f10x_tim.o(.text)
    TIM_ForcedOC3Config                      0x0800336d   Thumb Code    18  stm32f10x_tim.o(.text)
    TIM_ForcedOC4Config                      0x0800337f   Thumb Code    26  stm32f10x_tim.o(.text)
    TIM_ARRPreloadConfig                     0x08003399   Thumb Code    24  stm32f10x_tim.o(.text)
    TIM_SelectCOM                            0x080033b1   Thumb Code    24  stm32f10x_tim.o(.text)
    TIM_SelectCCDMA                          0x080033c9   Thumb Code    24  stm32f10x_tim.o(.text)
    TIM_CCPreloadControl                     0x080033e1   Thumb Code    24  stm32f10x_tim.o(.text)
    TIM_OC1PreloadConfig                     0x080033f9   Thumb Code    18  stm32f10x_tim.o(.text)
    TIM_OC2PreloadConfig                     0x0800340b   Thumb Code    26  stm32f10x_tim.o(.text)
    TIM_OC3PreloadConfig                     0x08003425   Thumb Code    18  stm32f10x_tim.o(.text)
    TIM_OC4PreloadConfig                     0x08003437   Thumb Code    26  stm32f10x_tim.o(.text)
    TIM_OC1FastConfig                        0x08003451   Thumb Code    18  stm32f10x_tim.o(.text)
    TIM_OC2FastConfig                        0x08003463   Thumb Code    26  stm32f10x_tim.o(.text)
    TIM_OC3FastConfig                        0x0800347d   Thumb Code    18  stm32f10x_tim.o(.text)
    TIM_OC4FastConfig                        0x0800348f   Thumb Code    26  stm32f10x_tim.o(.text)
    TIM_ClearOC1Ref                          0x080034a9   Thumb Code    18  stm32f10x_tim.o(.text)
    TIM_ClearOC2Ref                          0x080034bb   Thumb Code    24  stm32f10x_tim.o(.text)
    TIM_ClearOC3Ref                          0x080034d3   Thumb Code    18  stm32f10x_tim.o(.text)
    TIM_ClearOC4Ref                          0x080034e5   Thumb Code    24  stm32f10x_tim.o(.text)
    TIM_OC1PolarityConfig                    0x080034fd   Thumb Code    18  stm32f10x_tim.o(.text)
    TIM_OC1NPolarityConfig                   0x0800350f   Thumb Code    18  stm32f10x_tim.o(.text)
    TIM_OC2PolarityConfig                    0x08003521   Thumb Code    26  stm32f10x_tim.o(.text)
    TIM_OC2NPolarityConfig                   0x0800353b   Thumb Code    26  stm32f10x_tim.o(.text)
    TIM_OC3PolarityConfig                    0x08003555   Thumb Code    26  stm32f10x_tim.o(.text)
    TIM_OC3NPolarityConfig                   0x0800356f   Thumb Code    26  stm32f10x_tim.o(.text)
    TIM_OC4PolarityConfig                    0x08003589   Thumb Code    26  stm32f10x_tim.o(.text)
    TIM_CCxCmd                               0x080035a3   Thumb Code    30  stm32f10x_tim.o(.text)
    TIM_CCxNCmd                              0x080035c1   Thumb Code    30  stm32f10x_tim.o(.text)
    TIM_SelectOCxM                           0x080035df   Thumb Code    82  stm32f10x_tim.o(.text)
    TIM_UpdateDisableConfig                  0x08003631   Thumb Code    24  stm32f10x_tim.o(.text)
    TIM_UpdateRequestConfig                  0x08003649   Thumb Code    24  stm32f10x_tim.o(.text)
    TIM_SelectHallSensor                     0x08003661   Thumb Code    24  stm32f10x_tim.o(.text)
    TIM_SelectOnePulseMode                   0x08003679   Thumb Code    18  stm32f10x_tim.o(.text)
    TIM_SelectOutputTrigger                  0x0800368b   Thumb Code    18  stm32f10x_tim.o(.text)
    TIM_SelectSlaveMode                      0x0800369d   Thumb Code    18  stm32f10x_tim.o(.text)
    TIM_SelectMasterSlaveMode                0x080036af   Thumb Code    18  stm32f10x_tim.o(.text)
    TIM_SetCounter                           0x080036c1   Thumb Code     4  stm32f10x_tim.o(.text)
    TIM_SetAutoreload                        0x080036c5   Thumb Code     4  stm32f10x_tim.o(.text)
    TIM_SetCompare1                          0x080036c9   Thumb Code     4  stm32f10x_tim.o(.text)
    TIM_SetCompare2                          0x080036cd   Thumb Code     4  stm32f10x_tim.o(.text)
    TIM_SetCompare3                          0x080036d1   Thumb Code     4  stm32f10x_tim.o(.text)
    TIM_SetCompare4                          0x080036d5   Thumb Code     6  stm32f10x_tim.o(.text)
    TIM_SetClockDivision                     0x080036db   Thumb Code    18  stm32f10x_tim.o(.text)
    TIM_GetCapture1                          0x080036ed   Thumb Code     6  stm32f10x_tim.o(.text)
    TIM_GetCapture2                          0x080036f3   Thumb Code     6  stm32f10x_tim.o(.text)
    TIM_GetCapture3                          0x080036f9   Thumb Code     6  stm32f10x_tim.o(.text)
    TIM_GetCapture4                          0x080036ff   Thumb Code     8  stm32f10x_tim.o(.text)
    TIM_GetCounter                           0x08003707   Thumb Code     6  stm32f10x_tim.o(.text)
    TIM_GetPrescaler                         0x0800370d   Thumb Code     6  stm32f10x_tim.o(.text)
    TIM_GetFlagStatus                        0x08003713   Thumb Code    18  stm32f10x_tim.o(.text)
    TIM_ClearFlag                            0x08003725   Thumb Code     6  stm32f10x_tim.o(.text)
    TIM_GetITStatus                          0x0800372b   Thumb Code    34  stm32f10x_tim.o(.text)
    TIM_ClearITPendingBit                    0x0800374d   Thumb Code     6  stm32f10x_tim.o(.text)
    USART_DeInit                             0x08003755   Thumb Code   134  stm32f10x_usart.o(.text)
    USART_Init                               0x080037db   Thumb Code   210  stm32f10x_usart.o(.text)
    USART_StructInit                         0x080038ad   Thumb Code    24  stm32f10x_usart.o(.text)
    USART_ClockInit                          0x080038c5   Thumb Code    34  stm32f10x_usart.o(.text)
    USART_ClockStructInit                    0x080038e7   Thumb Code    12  stm32f10x_usart.o(.text)
    USART_Cmd                                0x080038f3   Thumb Code    24  stm32f10x_usart.o(.text)
    USART_ITConfig                           0x0800390b   Thumb Code    74  stm32f10x_usart.o(.text)
    USART_DMACmd                             0x08003955   Thumb Code    18  stm32f10x_usart.o(.text)
    USART_SetAddress                         0x08003967   Thumb Code    18  stm32f10x_usart.o(.text)
    USART_WakeUpConfig                       0x08003979   Thumb Code    18  stm32f10x_usart.o(.text)
    USART_ReceiverWakeUpCmd                  0x0800398b   Thumb Code    24  stm32f10x_usart.o(.text)
    USART_LINBreakDetectLengthConfig         0x080039a3   Thumb Code    18  stm32f10x_usart.o(.text)
    USART_LINCmd                             0x080039b5   Thumb Code    24  stm32f10x_usart.o(.text)
    USART_SendData                           0x080039cd   Thumb Code     8  stm32f10x_usart.o(.text)
    USART_ReceiveData                        0x080039d5   Thumb Code    10  stm32f10x_usart.o(.text)
    USART_SendBreak                          0x080039df   Thumb Code    10  stm32f10x_usart.o(.text)
    USART_SetGuardTime                       0x080039e9   Thumb Code    16  stm32f10x_usart.o(.text)
    USART_SetPrescaler                       0x080039f9   Thumb Code    16  stm32f10x_usart.o(.text)
    USART_SmartCardCmd                       0x08003a09   Thumb Code    24  stm32f10x_usart.o(.text)
    USART_SmartCardNACKCmd                   0x08003a21   Thumb Code    24  stm32f10x_usart.o(.text)
    USART_HalfDuplexCmd                      0x08003a39   Thumb Code    24  stm32f10x_usart.o(.text)
    USART_OverSampling8Cmd                   0x08003a51   Thumb Code    22  stm32f10x_usart.o(.text)
    USART_OneBitMethodCmd                    0x08003a67   Thumb Code    24  stm32f10x_usart.o(.text)
    USART_IrDAConfig                         0x08003a7f   Thumb Code    18  stm32f10x_usart.o(.text)
    USART_IrDACmd                            0x08003a91   Thumb Code    24  stm32f10x_usart.o(.text)
    USART_GetFlagStatus                      0x08003aa9   Thumb Code    26  stm32f10x_usart.o(.text)
    USART_ClearFlag                          0x08003ac3   Thumb Code    18  stm32f10x_usart.o(.text)
    USART_GetITStatus                        0x08003ad5   Thumb Code    84  stm32f10x_usart.o(.text)
    USART_ClearITPendingBit                  0x08003b29   Thumb Code    52  stm32f10x_usart.o(.text)
    SPI_I2S_DeInit                           0x08003b5d   Thumb Code    76  stm32f10x_spi.o(.text)
    SPI_Init                                 0x08003ba9   Thumb Code    60  stm32f10x_spi.o(.text)
    I2S_Init                                 0x08003be5   Thumb Code   226  stm32f10x_spi.o(.text)
    SPI_StructInit                           0x08003cc7   Thumb Code    24  stm32f10x_spi.o(.text)
    I2S_StructInit                           0x08003cdf   Thumb Code    20  stm32f10x_spi.o(.text)
    SPI_Cmd                                  0x08003cf3   Thumb Code    24  stm32f10x_spi.o(.text)
    I2S_Cmd                                  0x08003d0b   Thumb Code    24  stm32f10x_spi.o(.text)
    SPI_I2S_ITConfig                         0x08003d23   Thumb Code    32  stm32f10x_spi.o(.text)
    SPI_I2S_DMACmd                           0x08003d43   Thumb Code    18  stm32f10x_spi.o(.text)
    SPI_I2S_SendData                         0x08003d55   Thumb Code     4  stm32f10x_spi.o(.text)
    SPI_I2S_ReceiveData                      0x08003d59   Thumb Code     6  stm32f10x_spi.o(.text)
    SPI_NSSInternalSoftwareConfig            0x08003d5f   Thumb Code    30  stm32f10x_spi.o(.text)
    SPI_SSOutputCmd                          0x08003d7d   Thumb Code    24  stm32f10x_spi.o(.text)
    SPI_DataSizeConfig                       0x08003d95   Thumb Code    18  stm32f10x_spi.o(.text)
    SPI_TransmitCRC                          0x08003da7   Thumb Code    10  stm32f10x_spi.o(.text)
    SPI_CalculateCRC                         0x08003db1   Thumb Code    24  stm32f10x_spi.o(.text)
    SPI_GetCRC                               0x08003dc9   Thumb Code    16  stm32f10x_spi.o(.text)
    SPI_GetCRCPolynomial                     0x08003dd9   Thumb Code     6  stm32f10x_spi.o(.text)
    SPI_BiDirectionalLineConfig              0x08003ddf   Thumb Code    28  stm32f10x_spi.o(.text)
    SPI_I2S_GetFlagStatus                    0x08003dfb   Thumb Code    18  stm32f10x_spi.o(.text)
    SPI_I2S_ClearFlag                        0x08003e0d   Thumb Code     6  stm32f10x_spi.o(.text)
    SPI_I2S_GetITStatus                      0x08003e13   Thumb Code    52  stm32f10x_spi.o(.text)
    SPI_I2S_ClearITPendingBit                0x08003e47   Thumb Code    20  stm32f10x_spi.o(.text)
    __use_no_semihosting                     0x08003e69   Thumb Code     2  use_no_semi_2.o(.text)
    __2printf                                0x08003e6d   Thumb Code    20  noretval__2printf.o(.text)
    _printf_pre_padding                      0x08003e85   Thumb Code    44  _printf_pad.o(.text)
    _printf_post_padding                     0x08003eb1   Thumb Code    34  _printf_pad.o(.text)
    _printf_str                              0x08003ed3   Thumb Code    82  _printf_str.o(.text)
    _printf_int_dec                          0x08003f25   Thumb Code   104  _printf_dec.o(.text)
    _printf_int_hex                          0x08003f9d   Thumb Code    84  _printf_hex_int.o(.text)
    _printf_longlong_hex                     0x08003f9d   Thumb Code     0  _printf_hex_int.o(.text)
    __printf                                 0x08003ff5   Thumb Code   308  __printf_flags_wp.o(.text)
    __aeabi_memcpy                           0x0800412d   Thumb Code     0  rt_memcpy_v6.o(.text)
    __rt_memcpy                              0x0800412d   Thumb Code   138  rt_memcpy_v6.o(.text)
    _memcpy_lastbytes                        0x08004193   Thumb Code     0  rt_memcpy_v6.o(.text)
    __aeabi_memcpy4                          0x080041b7   Thumb Code     0  rt_memcpy_w.o(.text)
    __aeabi_memcpy8                          0x080041b7   Thumb Code     0  rt_memcpy_w.o(.text)
    __rt_memcpy_w                            0x080041b7   Thumb Code   100  rt_memcpy_w.o(.text)
    _memcpy_lastbytes_aligned                0x080041ff   Thumb Code     0  rt_memcpy_w.o(.text)
    __use_two_region_memory                  0x0800421b   Thumb Code     2  heapauxi.o(.text)
    __rt_heap_escrow$2region                 0x0800421d   Thumb Code     2  heapauxi.o(.text)
    __rt_heap_expand$2region                 0x0800421f   Thumb Code     2  heapauxi.o(.text)
    __I$use$semihosting                      0x08004221   Thumb Code     0  use_no_semi.o(.text)
    __use_no_semihosting_swi                 0x08004221   Thumb Code     2  use_no_semi.o(.text)
    _printf_int_common                       0x08004223   Thumb Code   178  _printf_intcommon.o(.text)
    _printf_cs_common                        0x080042d5   Thumb Code    20  _printf_char.o(.text)
    _printf_char                             0x080042e9   Thumb Code    16  _printf_char.o(.text)
    _printf_string                           0x080042f9   Thumb Code     8  _printf_char.o(.text)
    _printf_char_file                        0x08004301   Thumb Code    32  _printf_char_file.o(.text)
    _printf_char_common                      0x0800432f   Thumb Code    32  _printf_char_common.o(.text)
    ferror                                   0x08004355   Thumb Code     8  ferror.o(.text)
    __user_setup_stackheap                   0x0800435d   Thumb Code    74  sys_stackheap_outer.o(.text)
    exit                                     0x080043a7   Thumb Code    12  exit.o(.text)
    __user_libspace                          0x080043b5   Thumb Code     8  libspace.o(.text)
    __user_perproc_libspace                  0x080043b5   Thumb Code     0  libspace.o(.text)
    __user_perthread_libspace                0x080043b5   Thumb Code     0  libspace.o(.text)
    _is_digit                                0x080043bd   Thumb Code    14  __printf_wp.o(i._is_digit)
    Region$$Table$$Base                      0x08004508   Number         0  anon$$obj.o(Region$$Table)
    Region$$Table$$Limit                     0x08004528   Number         0  anon$$obj.o(Region$$Table)
    SystemCoreClock                          0x20000000   Data           4  system_stm32f10x.o(.data)
    AHBPrescTable                            0x20000004   Data          16  system_stm32f10x.o(.data)
    CT                                       0x20000014   Data           2  rc522.o(.data)
    SN                                       0x20000016   Data           4  rc522.o(.data)
    card0_bit                                0x2000001a   Data           1  rc522.o(.data)
    card1_bit                                0x2000001b   Data           1  rc522.o(.data)
    card2_bit                                0x2000001c   Data           1  rc522.o(.data)
    card3_bit                                0x2000001d   Data           1  rc522.o(.data)
    card4_bit                                0x2000001e   Data           1  rc522.o(.data)
    total                                    0x2000001f   Data           1  rc522.o(.data)
    card_0                                   0x20000020   Data           4  rc522.o(.data)
    card_1                                   0x20000024   Data           4  rc522.o(.data)
    card_2                                   0x20000028   Data           4  rc522.o(.data)
    card_3                                   0x2000002c   Data           4  rc522.o(.data)
    card_4                                   0x20000030   Data           4  rc522.o(.data)
    KEY_A                                    0x20000034   Data           6  rc522.o(.data)
    KEY_B                                    0x2000003a   Data           6  rc522.o(.data)
    AUDIO_OPEN                               0x20000040   Data           6  rc522.o(.data)
    RFID1                                    0x20000046   Data          16  rc522.o(.data)
    RFID2                                    0x20000056   Data          16  rc522.o(.data)
    KEY_A1                                   0x20000066   Data           6  rc522.o(.data)
    KEY_A2                                   0x2000006c   Data           6  rc522.o(.data)
    KEY_B1                                   0x20000072   Data           6  rc522.o(.data)
    KEY_B2                                   0x20000078   Data           6  rc522.o(.data)
    KEY_B3                                   0x2000007e   Data           6  rc522.o(.data)
    status                                   0x20000084   Data           1  rc522.o(.data)
    addr                                     0x20000085   Data           1  rc522.o(.data)
    num                                      0x20000088   Data           4  rc522.o(.data)
    num_2                                    0x2000008c   Data           4  rc522.o(.data)
    y                                        0x20000090   Data           4  rc522.o(.data)
    __stdout                                 0x20000098   Data           4  usart.o(.data)
    USART_RX_STA                             0x2000009c   Data           2  usart.o(.data)
    DATA                                     0x200000b4   Data          16  rc522.o(.bss)
    RFID                                     0x200000c4   Data          16  rc522.o(.bss)
    DATA0                                    0x200000d4   Data          16  rc522.o(.bss)
    DATA1                                    0x200000e4   Data          16  rc522.o(.bss)
    USART_RX_BUF                             0x200000f4   Data         200  usart.o(.bss)
    __libspace_start                         0x200001bc   Data          96  libspace.o(.bss)
    __temporary_stack_top$libspace           0x2000021c   Data           0  libspace.o(.bss)



==============================================================================

Memory Map of the image

  Image Entry point : 0x08000131

  Load Region LR_IROM1 (Base: 0x08000000, Size: 0x000045dc, Max: 0x00080000, ABSOLUTE)

    Execution Region ER_IROM1 (Base: 0x08000000, Size: 0x00004528, Max: 0x00080000, ABSOLUTE)

    Base Addr    Size         Type   Attr      Idx    E Section Name        Object

    0x08000000   0x00000130   Data   RO          294    RESET               startup_stm32f10x_hd.o
    0x08000130   0x00000008   Code   RO          453  * !!!main             c_w.l(__main.o)
    0x08000138   0x00000034   Code   RO          622    !!!scatter          c_w.l(__scatter.o)
    0x0800016c   0x0000001a   Code   RO          624    !!handler_copy      c_w.l(__scatter_copy.o)
    0x08000186   0x00000002   PAD
    0x08000188   0x0000001c   Code   RO          626    !!handler_zi        c_w.l(__scatter_zi.o)
    0x080001a4   0x00000000   Code   RO          446    .ARM.Collect$$_printf_percent$$00000000  c_w.l(_printf_percent.o)
    0x080001a4   0x00000006   Code   RO          445    .ARM.Collect$$_printf_percent$$00000009  c_w.l(_printf_d.o)
    0x080001aa   0x00000006   Code   RO          444    .ARM.Collect$$_printf_percent$$0000000C  c_w.l(_printf_x.o)
    0x080001b0   0x00000006   Code   RO          442    .ARM.Collect$$_printf_percent$$00000013  c_w.l(_printf_c.o)
    0x080001b6   0x00000006   Code   RO          443    .ARM.Collect$$_printf_percent$$00000014  c_w.l(_printf_s.o)
    0x080001bc   0x00000004   Code   RO          464    .ARM.Collect$$_printf_percent$$00000017  c_w.l(_printf_percent_end.o)
    0x080001c0   0x00000002   Code   RO          497    .ARM.Collect$$libinit$$00000000  c_w.l(libinit.o)
    0x080001c2   0x00000000   Code   RO          504    .ARM.Collect$$libinit$$00000002  c_w.l(libinit2.o)
    0x080001c2   0x00000000   Code   RO          506    .ARM.Collect$$libinit$$00000004  c_w.l(libinit2.o)
    0x080001c2   0x00000000   Code   RO          509    .ARM.Collect$$libinit$$0000000A  c_w.l(libinit2.o)
    0x080001c2   0x00000000   Code   RO          511    .ARM.Collect$$libinit$$0000000C  c_w.l(libinit2.o)
    0x080001c2   0x00000000   Code   RO          513    .ARM.Collect$$libinit$$0000000E  c_w.l(libinit2.o)
    0x080001c2   0x00000000   Code   RO          516    .ARM.Collect$$libinit$$00000011  c_w.l(libinit2.o)
    0x080001c2   0x00000000   Code   RO          518    .ARM.Collect$$libinit$$00000013  c_w.l(libinit2.o)
    0x080001c2   0x00000000   Code   RO          520    .ARM.Collect$$libinit$$00000015  c_w.l(libinit2.o)
    0x080001c2   0x00000000   Code   RO          522    .ARM.Collect$$libinit$$00000017  c_w.l(libinit2.o)
    0x080001c2   0x00000000   Code   RO          524    .ARM.Collect$$libinit$$00000019  c_w.l(libinit2.o)
    0x080001c2   0x00000000   Code   RO          526    .ARM.Collect$$libinit$$0000001B  c_w.l(libinit2.o)
    0x080001c2   0x00000000   Code   RO          528    .ARM.Collect$$libinit$$0000001D  c_w.l(libinit2.o)
    0x080001c2   0x00000000   Code   RO          530    .ARM.Collect$$libinit$$0000001F  c_w.l(libinit2.o)
    0x080001c2   0x00000000   Code   RO          532    .ARM.Collect$$libinit$$00000021  c_w.l(libinit2.o)
    0x080001c2   0x00000000   Code   RO          534    .ARM.Collect$$libinit$$00000023  c_w.l(libinit2.o)
    0x080001c2   0x00000000   Code   RO          536    .ARM.Collect$$libinit$$00000025  c_w.l(libinit2.o)
    0x080001c2   0x00000000   Code   RO          540    .ARM.Collect$$libinit$$0000002C  c_w.l(libinit2.o)
    0x080001c2   0x00000000   Code   RO          542    .ARM.Collect$$libinit$$0000002E  c_w.l(libinit2.o)
    0x080001c2   0x00000000   Code   RO          544    .ARM.Collect$$libinit$$00000030  c_w.l(libinit2.o)
    0x080001c2   0x00000000   Code   RO          546    .ARM.Collect$$libinit$$00000032  c_w.l(libinit2.o)
    0x080001c2   0x00000002   Code   RO          547    .ARM.Collect$$libinit$$00000033  c_w.l(libinit2.o)
    0x080001c4   0x00000002   Code   RO          565    .ARM.Collect$$libshutdown$$00000000  c_w.l(libshutdown.o)
    0x080001c6   0x00000000   Code   RO          576    .ARM.Collect$$libshutdown$$00000003  c_w.l(libshutdown2.o)
    0x080001c6   0x00000000   Code   RO          579    .ARM.Collect$$libshutdown$$00000006  c_w.l(libshutdown2.o)
    0x080001c6   0x00000000   Code   RO          582    .ARM.Collect$$libshutdown$$00000009  c_w.l(libshutdown2.o)
    0x080001c6   0x00000000   Code   RO          584    .ARM.Collect$$libshutdown$$0000000B  c_w.l(libshutdown2.o)
    0x080001c6   0x00000000   Code   RO          587    .ARM.Collect$$libshutdown$$0000000E  c_w.l(libshutdown2.o)
    0x080001c6   0x00000002   Code   RO          588    .ARM.Collect$$libshutdown$$0000000F  c_w.l(libshutdown2.o)
    0x080001c8   0x00000000   Code   RO          457    .ARM.Collect$$rtentry$$00000000  c_w.l(__rtentry.o)
    0x080001c8   0x00000000   Code   RO          466    .ARM.Collect$$rtentry$$00000002  c_w.l(__rtentry2.o)
    0x080001c8   0x00000006   Code   RO          478    .ARM.Collect$$rtentry$$00000004  c_w.l(__rtentry4.o)
    0x080001ce   0x00000000   Code   RO          468    .ARM.Collect$$rtentry$$00000009  c_w.l(__rtentry2.o)
    0x080001ce   0x00000004   Code   RO          469    .ARM.Collect$$rtentry$$0000000A  c_w.l(__rtentry2.o)
    0x080001d2   0x00000000   Code   RO          471    .ARM.Collect$$rtentry$$0000000C  c_w.l(__rtentry2.o)
    0x080001d2   0x00000008   Code   RO          472    .ARM.Collect$$rtentry$$0000000D  c_w.l(__rtentry2.o)
    0x080001da   0x00000002   Code   RO          501    .ARM.Collect$$rtexit$$00000000  c_w.l(rtexit.o)
    0x080001dc   0x00000000   Code   RO          549    .ARM.Collect$$rtexit$$00000002  c_w.l(rtexit2.o)
    0x080001dc   0x00000004   Code   RO          550    .ARM.Collect$$rtexit$$00000003  c_w.l(rtexit2.o)
    0x080001e0   0x00000006   Code   RO          551    .ARM.Collect$$rtexit$$00000004  c_w.l(rtexit2.o)
    0x080001e6   0x00000002   PAD
    0x080001e8   0x00000098   Code   RO            1    .text               main.o
    0x08000280   0x0000001a   Code   RO          125    .text               stm32f10x_it.o
    0x0800029a   0x00000002   PAD
    0x0800029c   0x000001e0   Code   RO          166    .text               system_stm32f10x.o
    0x0800047c   0x000016ec   Code   RO          184    .text               rc522.o
    0x08001b68   0x0000004c   Code   RO          204    .text               led.o
    0x08001bb4   0x00000354   Code   RO          216    .text               timer.o
    0x08001f08   0x000000d4   Code   RO          228    .text               delay.o
    0x08001fdc   0x00000140   Code   RO          259    .text               usart.o
    0x0800211c   0x00000040   Code   RO          295    .text               startup_stm32f10x_hd.o
    0x0800215c   0x000000dc   Code   RO          299    .text               misc.o
    0x08002238   0x0000035c   Code   RO          323    .text               stm32f10x_gpio.o
    0x08002594   0x000003a4   Code   RO          335    .text               stm32f10x_rcc.o
    0x08002938   0x00000e1a   Code   RO          349    .text               stm32f10x_tim.o
    0x08003752   0x00000002   PAD
    0x08003754   0x00000408   Code   RO          361    .text               stm32f10x_usart.o
    0x08003b5c   0x0000030c   Code   RO          373    .text               stm32f10x_spi.o
    0x08003e68   0x00000002   Code   RO          387    .text               c_w.l(use_no_semi_2.o)
    0x08003e6a   0x00000002   PAD
    0x08003e6c   0x00000018   Code   RO          391    .text               c_w.l(noretval__2printf.o)
    0x08003e84   0x0000004e   Code   RO          395    .text               c_w.l(_printf_pad.o)
    0x08003ed2   0x00000052   Code   RO          397    .text               c_w.l(_printf_str.o)
    0x08003f24   0x00000078   Code   RO          399    .text               c_w.l(_printf_dec.o)
    0x08003f9c   0x00000058   Code   RO          404    .text               c_w.l(_printf_hex_int.o)
    0x08003ff4   0x00000138   Code   RO          434    .text               c_w.l(__printf_flags_wp.o)
    0x0800412c   0x0000008a   Code   RO          447    .text               c_w.l(rt_memcpy_v6.o)
    0x080041b6   0x00000064   Code   RO          449    .text               c_w.l(rt_memcpy_w.o)
    0x0800421a   0x00000006   Code   RO          451    .text               c_w.l(heapauxi.o)
    0x08004220   0x00000002   Code   RO          455    .text               c_w.l(use_no_semi.o)
    0x08004222   0x000000b2   Code   RO          458    .text               c_w.l(_printf_intcommon.o)
    0x080042d4   0x0000002c   Code   RO          460    .text               c_w.l(_printf_char.o)
    0x08004300   0x00000024   Code   RO          462    .text               c_w.l(_printf_char_file.o)
    0x08004324   0x00000030   Code   RO          480    .text               c_w.l(_printf_char_common.o)
    0x08004354   0x00000008   Code   RO          482    .text               c_w.l(ferror.o)
    0x0800435c   0x0000004a   Code   RO          486    .text               c_w.l(sys_stackheap_outer.o)
    0x080043a6   0x0000000c   Code   RO          490    .text               c_w.l(exit.o)
    0x080043b2   0x00000002   PAD
    0x080043b4   0x00000008   Code   RO          498    .text               c_w.l(libspace.o)
    0x080043bc   0x0000000e   Code   RO          432    i._is_digit         c_w.l(__printf_wp.o)
    0x080043ca   0x00000002   PAD
    0x080043cc   0x00000101   Data   RO          186    .constdata          rc522.o
    0x080044cd   0x00000028   Data   RO          405    .constdata          c_w.l(_printf_hex_int.o)
    0x080044f5   0x00000011   Data   RO          435    .constdata          c_w.l(__printf_flags_wp.o)
    0x08004506   0x00000002   PAD
    0x08004508   0x00000020   Data   RO          620    Region$$Table       anon$$obj.o


    Execution Region RW_IRAM1 (Base: 0x20000000, Size: 0x00000820, Max: 0x00010000, ABSOLUTE)

    Base Addr    Size         Type   Attr      Idx    E Section Name        Object

    0x20000000   0x00000014   Data   RW          167    .data               system_stm32f10x.o
    0x20000014   0x00000080   Data   RW          187    .data               rc522.o
    0x20000094   0x00000004   Data   RW          229    .data               delay.o
    0x20000098   0x00000006   Data   RW          261    .data               usart.o
    0x2000009e   0x00000014   Data   RW          336    .data               stm32f10x_rcc.o
    0x200000b2   0x00000002   PAD
    0x200000b4   0x00000040   Zero   RW          185    .bss                rc522.o
    0x200000f4   0x000000c8   Zero   RW          260    .bss                usart.o
    0x200001bc   0x00000060   Zero   RW          499    .bss                c_w.l(libspace.o)
    0x2000021c   0x00000004   PAD
    0x20000220   0x00000200   Zero   RW          293    HEAP                startup_stm32f10x_hd.o
    0x20000420   0x00000400   Zero   RW          292    STACK               startup_stm32f10x_hd.o


==============================================================================

Image component sizes


      Code (inc. data)   RO Data    RW Data    ZI Data      Debug   Object Name

       212         18          0          4          0       1043   delay.o
        76          8          0          0          0        503   led.o
       152         18          0          0          0     260359   main.o
       220         22          0          0          0       1817   misc.o
      5868       1054        257        128         64      11990   rc522.o
        64         26        304          0       1536        812   startup_stm32f10x_hd.o
       860         38          0          0          0       5665   stm32f10x_gpio.o
        26          0          0          0          0       1190   stm32f10x_it.o
       932         36          0         20          0       8848   stm32f10x_rcc.o
       780         14          0          0          0       6546   stm32f10x_spi.o
      3610         88          0          0          0      22148   stm32f10x_tim.o
      1032         22          0          0          0       8388   stm32f10x_usart.o
         0          0          0          0          0         32   sys.o
       480         38          0         20          0       1767   system_stm32f10x.o
       852         28          0          0          0       2822   timer.o
       320         16          0          6        200       3182   usart.o

    ----------------------------------------------------------------------
     15488       1426        593        180       1800     337112   Object Totals
         0          0         32          0          0          0   (incl. Generated)
         4          0          0          2          0          0   (incl. Padding)

    ----------------------------------------------------------------------

      Code (inc. data)   RO Data    RW Data    ZI Data      Debug   Library Member Name

         8          0          0          0          0         68   __main.o
       312          4         17          0          0         92   __printf_flags_wp.o
        14          0          0          0          0         68   __printf_wp.o
         0          0          0          0          0          0   __rtentry.o
        12          0          0          0          0          0   __rtentry2.o
         6          0          0          0          0          0   __rtentry4.o
        52          8          0          0          0          0   __scatter.o
        26          0          0          0          0          0   __scatter_copy.o
        28          0          0          0          0          0   __scatter_zi.o
         6          0          0          0          0          0   _printf_c.o
        44          0          0          0          0        108   _printf_char.o
        48          6          0          0          0         96   _printf_char_common.o
        36          4          0          0          0         80   _printf_char_file.o
         6          0          0          0          0          0   _printf_d.o
       120         16          0          0          0         92   _printf_dec.o
        88          4         40          0          0         88   _printf_hex_int.o
       178          0          0          0          0         88   _printf_intcommon.o
        78          0          0          0          0        108   _printf_pad.o
         0          0          0          0          0          0   _printf_percent.o
         4          0          0          0          0          0   _printf_percent_end.o
         6          0          0          0          0          0   _printf_s.o
        82          0          0          0          0         80   _printf_str.o
         6          0          0          0          0          0   _printf_x.o
        12          0          0          0          0         72   exit.o
         8          0          0          0          0         68   ferror.o
         6          0          0          0          0        152   heapauxi.o
         2          0          0          0          0          0   libinit.o
         2          0          0          0          0          0   libinit2.o
         2          0          0          0          0          0   libshutdown.o
         2          0          0          0          0          0   libshutdown2.o
         8          4          0          0         96         68   libspace.o
        24          4          0          0          0         84   noretval__2printf.o
       138          0          0          0          0         68   rt_memcpy_v6.o
       100          0          0          0          0         80   rt_memcpy_w.o
         2          0          0          0          0          0   rtexit.o
        10          0          0          0          0          0   rtexit2.o
        74          0          0          0          0         80   sys_stackheap_outer.o
         2          0          0          0          0         68   use_no_semi.o
         2          0          0          0          0         68   use_no_semi_2.o

    ----------------------------------------------------------------------
      1564         50         59          0        100       1776   Library Totals
        10          0          2          0          4          0   (incl. Padding)

    ----------------------------------------------------------------------

      Code (inc. data)   RO Data    RW Data    ZI Data      Debug   Library Name

      1554         50         57          0         96       1776   c_w.l

    ----------------------------------------------------------------------
      1564         50         59          0        100       1776   Library Totals

    ----------------------------------------------------------------------

==============================================================================


      Code (inc. data)   RO Data    RW Data    ZI Data      Debug   

     17052       1476        652        180       1900     336856   Grand Totals
     17052       1476        652        180       1900     336856   ELF Image Totals
     17052       1476        652        180          0          0   ROM Totals

==============================================================================

    Total RO  Size (Code + RO Data)                17704 (  17.29kB)
    Total RW  Size (RW Data + ZI Data)              2080 (   2.03kB)
    Total ROM Size (Code + RO Data + RW Data)      17884 (  17.46kB)

==============================================================================

