<html>
<body>
<pre>
<h1>µVision Build Log</h1>
<h2>Tool Versions:</h2>
IDE-Version: ¦ÌVision V5.14.0.0
Copyright (C) 2015 ARM Ltd and ARM Germany GmbH. All rights reserved.
License Information: 1 1, 1, LIC=DSNXV-PZNQ5-BX9UY-I5UC9-5TI5N-UI3AK
 
Tool Versions:
Toolchain:       MDK-ARM Professional  Version: 5.14.0.0
Toolchain Path:  D:\keil5MDK\ARM\ARMCC\Bin
C Compiler:      Armcc.exe V5.05 update 1 (build 106)
Assembler:       Armasm.exe V5.05 update 1 (build 106)
Linker/Locator:  ArmLink.exe V5.05 update 1 (build 106)
Library Manager: ArmAr.exe V5.05 update 1 (build 106)
Hex Converter:   FromElf.exe V5.05 update 1 (build 106)
CPU DLL:         SARMCM3.DLL V5.14.0.0
Dialog DLL:      DCM.DLL V1.13.1.0
Target DLL:      STLink\ST-LINKIII-KEIL_SWO.dll V2.0.14.0_KEIL
Dialog DLL:      TCM.DLL V1.14.4.0
 
<h2>Project:</h2>
C:\Users\97463\Desktop\100\STM32_RFID-RC522_ReadWrite_card_demo-master\USER\SPI.uvprojx
Project File Date:  05/08/2021

<h2>Output:</h2>
Build target 'RC522'
compiling main.c...
compiling stm32f10x_it.c...
compiling system_stm32f10x.c...
compiling rc522.c...
..\HARDWARE\RFID\rc522.c(70): warning:  #177-D: variable "i" was declared but never referenced
      u8 i = 0;
..\HARDWARE\RFID\rc522.c(193): warning:  #177-D: variable "x" was declared but never referenced
          int y = 0;int x = 0;
..\HARDWARE\RFID\rc522.c(194): warning:  #177-D: variable "j_1" was declared but never referenced
          int i_1;int j_1;
..\HARDWARE\RFID\rc522.c: 3 warnings, 0 errors
compiling led.c...
compiling delay.c...
compiling sys.c...
compiling usart.c...
compiling core_cm3.c...
assembling startup_stm32f10x_hd.s...
compiling misc.c...
compiling stm32f10x_fsmc.c...
compiling stm32f10x_gpio.c...
compiling stm32f10x_rcc.c...
compiling stm32f10x_tim.c...
compiling stm32f10x_usart.c...
compiling stm32f10x_spi.c...
linking...
Program Size: Code=12312 RO-data=652 RW-data=184 ZI-data=1880  
FromELF: creating hex file...
"..\OBJ\SPI.axf" - 0 Error(s), 3 Warning(s).

<h2>Collection of Component include folders:</h2>
  C:\Users\97463\Desktop\100\STM32_RFID-RC522_ReadWrite_card_demo-master\USER\RTE
  D:\keil5MDK\ARM\PACK\Keil\STM32F1xx_DFP\1.0.5\Device\Include

<h2>Collection of Component Files used:</h2>
</pre>
</body>
</html>
