<html>
<body>
<pre>
<h1>µVision Build Log</h1>
<h2>Tool Versions:</h2>
IDE-Version: ¦ÌVision V5.14.0.0
Copyright (C) 2015 ARM Ltd and ARM Germany GmbH. All rights reserved.
License Information: 1 1, 1, LIC=DSNXV-PZNQ5-BX9UY-I5UC9-5TI5N-UI3AK
 
Tool Versions:
Toolchain:       MDK-ARM Professional  Version: 5.14.0.0
Toolchain Path:  D:\keil5MDK\ARM\ARMCC\Bin
C Compiler:      Armcc.exe V5.05 update 1 (build 106)
Assembler:       Armasm.exe V5.05 update 1 (build 106)
Linker/Locator:  ArmLink.exe V5.05 update 1 (build 106)
Library Manager: ArmAr.exe V5.05 update 1 (build 106)
Hex Converter:   FromElf.exe V5.05 update 1 (build 106)
CPU DLL:         SARMCM3.DLL V5.14.0.0
Dialog DLL:      DARMSTM.DLL V1.65.0.0
Target DLL:      STLink\ST-LINKIII-KEIL_SWO.dll V2.0.14.0_KEIL
Dialog DLL:      TARMSTM.DLL V1.64.0.0
 
<h2>Project:</h2>
C:\Users\97463\Desktop\STM32_RFID-RC522_ReadWrite_card_demo-master\USER\SPI.uvprojx
Project File Date:  06/24/2021

<h2>Output:</h2>
Build target 'RC522'
compiling rc522.c...
..\HARDWARE\RFID\rc522.c(74): warning:  #177-D: variable "cost" was declared but never referenced
                int cost = 0;
..\HARDWARE\RFID\rc522.c: 1 warning, 0 errors
linking...
Program Size: Code=17052 RO-data=652 RW-data=180 ZI-data=1900  
FromELF: creating hex file...
"..\OBJ\SPI.axf" - 0 Error(s), 1 Warning(s).

<h2>Collection of Component include folders:</h2>
  C:\Users\97463\Desktop\STM32_RFID-RC522_ReadWrite_card_demo-master\USER\RTE
  D:\keil5MDK\ARM\PACK\Keil\STM32F1xx_DFP\1.0.5\Device\Include

<h2>Collection of Component Files used:</h2>
</pre>
</body>
</html>
